[0.007s] Invoking command in '/home/rp/Dog_deploy/build/roboparty_imu': CONDA_PROMPT_MODIFIER=(env_isaaclab) DEBUGINFOD_URLS=https://debuginfod.ubuntu.com /usr/bin/cmake --build /home/rp/Dog_deploy/build/roboparty_imu -- -j14 -l14
[0.096s] [  2%] Built target roboparty_imu__rosidl_generator_type_description
[0.097s] [  4%] Built target roboparty_imu__rs
[0.104s] [  4%] Built target ament_cmake_python_copy_roboparty_imu
[0.104s] [ 15%] Built target imu_reader_lib
[0.111s] [ 18%] Built target roboparty_imu__cpp
[0.112s] [ 29%] Built target roboparty_imu__rosidl_generator_c
[0.119s] [ 34%] Built target imu_driver
[0.128s] [ 72%] Built target roboparty_imu__rosidl_typesupport_c
[0.128s] [ 72%] Built target roboparty_imu__rosidl_typesupport_fastrtps_c
[0.128s] [ 72%] Built target roboparty_imu__rosidl_typesupport_introspection_cpp
[0.128s] [ 72%] Built target roboparty_imu__rosidl_typesupport_introspection_c
[0.128s] [ 72%] Built target roboparty_imu__rosidl_typesupport_fastrtps_cpp
[0.128s] [ 75%] Built target roboparty_imu__rosidl_typesupport_cpp
[0.143s] [ 75%] Built target roboparty_imu
[0.155s] [ 77%] [32mBuilding CXX object CMakeFiles/imu_node.dir/src/imu_node.cpp.o[0m
[0.156s] [ 79%] Built target roboparty_imu__py
[0.168s] [ 81%] [32mBuilding C object CMakeFiles/roboparty_imu__rosidl_generator_py.dir/rosidl_generator_py/roboparty_imu/msg/_imu_data_s.c.o[0m
[0.234s] running egg_info
[0.236s] writing roboparty_imu.egg-info/PKG-INFO
[0.236s] writing dependency_links to roboparty_imu.egg-info/dependency_links.txt
[0.236s] writing top-level names to roboparty_imu.egg-info/top_level.txt
[0.246s] reading manifest file 'roboparty_imu.egg-info/SOURCES.txt'
[0.247s] writing manifest file 'roboparty_imu.egg-info/SOURCES.txt'
[0.268s] [ 81%] Built target ament_cmake_python_build_roboparty_imu_egg
[0.365s] [01m[K/home/rp/Dog_deploy/src/imu/imu_ros2/src/imu_node.cpp:11:10:[m[K [01;31m[Kfatal error: [m[Kimu_ros2/msg/imu_data.hpp: 没有那个文件或目录
[0.365s]    11 | #include [01;31m[K<imu_ros2/msg/imu_data.hpp>[m[K
[0.365s]       |          [01;31m[K^~~~~~~~~~~~~~~~~~~~~~~~~~~[m[K
[0.365s] compilation terminated.
[0.368s] gmake[2]: *** [CMakeFiles/imu_node.dir/build.make:76：CMakeFiles/imu_node.dir/src/imu_node.cpp.o] 错误 1
[0.368s] gmake[1]: *** [CMakeFiles/Makefile2:676：CMakeFiles/imu_node.dir/all] 错误 2
[0.368s] gmake[1]: *** 正在等待未完成的任务....
[0.370s] [ 84%] [32m[1mLinking C shared library libroboparty_imu__rosidl_generator_py.so[0m
[0.412s] [ 84%] Built target roboparty_imu__rosidl_generator_py
[0.413s] gmake: *** [Makefile:146：all] 错误 2
[0.415s] Invoked command in '/home/rp/Dog_deploy/build/roboparty_imu' returned '2': CONDA_PROMPT_MODIFIER=(env_isaaclab) DEBUGINFOD_URLS=https://debuginfod.ubuntu.com /usr/bin/cmake --build /home/rp/Dog_deploy/build/roboparty_imu -- -j14 -l14
