[0.556s] DEBUG:colcon:Command line arguments: ['/usr/bin/colcon', 'build']
[0.556s] DEBUG:colcon:Parsed command line arguments: Namespace(log_base=None, log_level=None, verb_name='build', build_base='build', install_base='install', merge_install=False, symlink_install=False, test_result_base=None, continue_on_error=False, executor='parallel', parallel_workers=14, event_handlers=None, ignore_user_meta=False, metas=['./colcon.meta'], base_paths=['.'], packages_ignore=None, packages_ignore_regex=None, paths=None, packages_up_to=None, packages_up_to_regex=None, packages_above=None, packages_above_and_dependencies=None, packages_above_depth=None, packages_select_by_dep=None, packages_skip_by_dep=None, packages_skip_up_to=None, packages_select_build_failed=False, packages_skip_build_finished=False, packages_select_test_failures=False, packages_skip_test_passed=False, packages_select=None, packages_skip=None, packages_select_regex=None, packages_skip_regex=None, packages_start=None, packages_end=None, allow_overriding=[], cmake_args=None, cmake_target=None, cmake_target_skip_unavailable=False, cmake_clean_cache=False, cmake_clean_first=False, cmake_force_configure=False, ament_cmake_args=None, catkin_cmake_args=None, catkin_skip_building_tests=False, verb_parser=<colcon_defaults.argument_parser.defaults.DefaultArgumentsDecorator object at 0x76aa5e40d670>, verb_extension=<colcon_core.verb.build.BuildVerb object at 0x76aa5e5924e0>, main=<bound method BuildVerb.main of <colcon_core.verb.build.BuildVerb object at 0x76aa5e5924e0>>)
[0.588s] Level 1:colcon.colcon_core.package_discovery:discover_packages(colcon_meta) check parameters
[0.588s] Level 1:colcon.colcon_core.package_discovery:discover_packages(recursive) check parameters
[0.588s] Level 1:colcon.colcon_core.package_discovery:discover_packages(ignore) check parameters
[0.588s] Level 1:colcon.colcon_core.package_discovery:discover_packages(path) check parameters
[0.588s] Level 1:colcon.colcon_core.package_discovery:discover_packages(colcon_meta) discover
[0.588s] Level 1:colcon.colcon_core.package_discovery:discover_packages(recursive) discover
[0.588s] INFO:colcon.colcon_core.package_discovery:Crawling recursively for packages in '/home/rp/Dog_deploy'
[0.588s] Level 1:colcon.colcon_core.package_identification:_identify(.) by extensions ['ignore', 'ignore_ament_install']
[0.588s] Level 1:colcon.colcon_core.package_identification:_identify(.) by extension 'ignore'
[0.588s] Level 1:colcon.colcon_core.package_identification:_identify(.) by extension 'ignore_ament_install'
[0.588s] Level 1:colcon.colcon_core.package_identification:_identify(.) by extensions ['colcon_pkg']
[0.588s] Level 1:colcon.colcon_core.package_identification:_identify(.) by extension 'colcon_pkg'
[0.588s] Level 1:colcon.colcon_core.package_identification:_identify(.) by extensions ['colcon_meta']
[0.588s] Level 1:colcon.colcon_core.package_identification:_identify(.) by extension 'colcon_meta'
[0.588s] Level 1:colcon.colcon_core.package_identification:_identify(.) by extensions ['ros']
[0.588s] Level 1:colcon.colcon_core.package_identification:_identify(.) by extension 'ros'
[0.613s] Level 1:colcon.colcon_core.package_identification:_identify(.) by extensions ['cmake', 'python']
[0.613s] Level 1:colcon.colcon_core.package_identification:_identify(.) by extension 'cmake'
[0.613s] Level 1:colcon.colcon_core.package_identification:_identify(.) by extension 'python'
[0.613s] Level 1:colcon.colcon_core.package_identification:_identify(.) by extensions ['python_setup_py']
[0.613s] Level 1:colcon.colcon_core.package_identification:_identify(.) by extension 'python_setup_py'
[0.613s] Level 1:colcon.colcon_core.package_identification:_identify(build) by extensions ['ignore', 'ignore_ament_install']
[0.613s] Level 1:colcon.colcon_core.package_identification:_identify(build) by extension 'ignore'
[0.613s] Level 1:colcon.colcon_core.package_identification:_identify(build) ignored
[0.614s] Level 1:colcon.colcon_core.package_identification:_identify(description) by extensions ['ignore', 'ignore_ament_install']
[0.614s] Level 1:colcon.colcon_core.package_identification:_identify(description) by extension 'ignore'
[0.614s] Level 1:colcon.colcon_core.package_identification:_identify(description) by extension 'ignore_ament_install'
[0.614s] Level 1:colcon.colcon_core.package_identification:_identify(description) by extensions ['colcon_pkg']
[0.614s] Level 1:colcon.colcon_core.package_identification:_identify(description) by extension 'colcon_pkg'
[0.614s] Level 1:colcon.colcon_core.package_identification:_identify(description) by extensions ['colcon_meta']
[0.614s] Level 1:colcon.colcon_core.package_identification:_identify(description) by extension 'colcon_meta'
[0.614s] Level 1:colcon.colcon_core.package_identification:_identify(description) by extensions ['ros']
[0.614s] Level 1:colcon.colcon_core.package_identification:_identify(description) by extension 'ros'
[0.614s] Level 1:colcon.colcon_core.package_identification:_identify(description) by extensions ['cmake', 'python']
[0.614s] Level 1:colcon.colcon_core.package_identification:_identify(description) by extension 'cmake'
[0.614s] Level 1:colcon.colcon_core.package_identification:_identify(description) by extension 'python'
[0.614s] Level 1:colcon.colcon_core.package_identification:_identify(description) by extensions ['python_setup_py']
[0.614s] Level 1:colcon.colcon_core.package_identification:_identify(description) by extension 'python_setup_py'
[0.614s] Level 1:colcon.colcon_core.package_identification:_identify(description/RP_wd) by extensions ['ignore', 'ignore_ament_install']
[0.614s] Level 1:colcon.colcon_core.package_identification:_identify(description/RP_wd) by extension 'ignore'
[0.614s] Level 1:colcon.colcon_core.package_identification:_identify(description/RP_wd) by extension 'ignore_ament_install'
[0.614s] Level 1:colcon.colcon_core.package_identification:_identify(description/RP_wd) by extensions ['colcon_pkg']
[0.614s] Level 1:colcon.colcon_core.package_identification:_identify(description/RP_wd) by extension 'colcon_pkg'
[0.614s] Level 1:colcon.colcon_core.package_identification:_identify(description/RP_wd) by extensions ['colcon_meta']
[0.614s] Level 1:colcon.colcon_core.package_identification:_identify(description/RP_wd) by extension 'colcon_meta'
[0.614s] Level 1:colcon.colcon_core.package_identification:_identify(description/RP_wd) by extensions ['ros']
[0.614s] Level 1:colcon.colcon_core.package_identification:_identify(description/RP_wd) by extension 'ros'
[0.614s] Level 1:colcon.colcon_core.package_identification:_identify(description/RP_wd) by extensions ['cmake', 'python']
[0.614s] Level 1:colcon.colcon_core.package_identification:_identify(description/RP_wd) by extension 'cmake'
[0.614s] Level 1:colcon.colcon_core.package_identification:_identify(description/RP_wd) by extension 'python'
[0.614s] Level 1:colcon.colcon_core.package_identification:_identify(description/RP_wd) by extensions ['python_setup_py']
[0.614s] Level 1:colcon.colcon_core.package_identification:_identify(description/RP_wd) by extension 'python_setup_py'
[0.614s] Level 1:colcon.colcon_core.package_identification:_identify(description/RP_wd/mjcf) by extensions ['ignore', 'ignore_ament_install']
[0.615s] Level 1:colcon.colcon_core.package_identification:_identify(description/RP_wd/mjcf) by extension 'ignore'
[0.615s] Level 1:colcon.colcon_core.package_identification:_identify(description/RP_wd/mjcf) by extension 'ignore_ament_install'
[0.615s] Level 1:colcon.colcon_core.package_identification:_identify(description/RP_wd/mjcf) by extensions ['colcon_pkg']
[0.615s] Level 1:colcon.colcon_core.package_identification:_identify(description/RP_wd/mjcf) by extension 'colcon_pkg'
[0.615s] Level 1:colcon.colcon_core.package_identification:_identify(description/RP_wd/mjcf) by extensions ['colcon_meta']
[0.615s] Level 1:colcon.colcon_core.package_identification:_identify(description/RP_wd/mjcf) by extension 'colcon_meta'
[0.615s] Level 1:colcon.colcon_core.package_identification:_identify(description/RP_wd/mjcf) by extensions ['ros']
[0.615s] Level 1:colcon.colcon_core.package_identification:_identify(description/RP_wd/mjcf) by extension 'ros'
[0.615s] Level 1:colcon.colcon_core.package_identification:_identify(description/RP_wd/mjcf) by extensions ['cmake', 'python']
[0.615s] Level 1:colcon.colcon_core.package_identification:_identify(description/RP_wd/mjcf) by extension 'cmake'
[0.615s] Level 1:colcon.colcon_core.package_identification:_identify(description/RP_wd/mjcf) by extension 'python'
[0.615s] Level 1:colcon.colcon_core.package_identification:_identify(description/RP_wd/mjcf) by extensions ['python_setup_py']
[0.615s] Level 1:colcon.colcon_core.package_identification:_identify(description/RP_wd/mjcf) by extension 'python_setup_py'
[0.615s] Level 1:colcon.colcon_core.package_identification:_identify(description/RP_wd/mjcf/meshes) by extensions ['ignore', 'ignore_ament_install']
[0.615s] Level 1:colcon.colcon_core.package_identification:_identify(description/RP_wd/mjcf/meshes) by extension 'ignore'
[0.615s] Level 1:colcon.colcon_core.package_identification:_identify(description/RP_wd/mjcf/meshes) by extension 'ignore_ament_install'
[0.615s] Level 1:colcon.colcon_core.package_identification:_identify(description/RP_wd/mjcf/meshes) by extensions ['colcon_pkg']
[0.615s] Level 1:colcon.colcon_core.package_identification:_identify(description/RP_wd/mjcf/meshes) by extension 'colcon_pkg'
[0.615s] Level 1:colcon.colcon_core.package_identification:_identify(description/RP_wd/mjcf/meshes) by extensions ['colcon_meta']
[0.615s] Level 1:colcon.colcon_core.package_identification:_identify(description/RP_wd/mjcf/meshes) by extension 'colcon_meta'
[0.615s] Level 1:colcon.colcon_core.package_identification:_identify(description/RP_wd/mjcf/meshes) by extensions ['ros']
[0.615s] Level 1:colcon.colcon_core.package_identification:_identify(description/RP_wd/mjcf/meshes) by extension 'ros'
[0.615s] Level 1:colcon.colcon_core.package_identification:_identify(description/RP_wd/mjcf/meshes) by extensions ['cmake', 'python']
[0.615s] Level 1:colcon.colcon_core.package_identification:_identify(description/RP_wd/mjcf/meshes) by extension 'cmake'
[0.615s] Level 1:colcon.colcon_core.package_identification:_identify(description/RP_wd/mjcf/meshes) by extension 'python'
[0.615s] Level 1:colcon.colcon_core.package_identification:_identify(description/RP_wd/mjcf/meshes) by extensions ['python_setup_py']
[0.615s] Level 1:colcon.colcon_core.package_identification:_identify(description/RP_wd/mjcf/meshes) by extension 'python_setup_py'
[0.615s] Level 1:colcon.colcon_core.package_identification:_identify(description/RP_wd/mjcf/textures) by extensions ['ignore', 'ignore_ament_install']
[0.615s] Level 1:colcon.colcon_core.package_identification:_identify(description/RP_wd/mjcf/textures) by extension 'ignore'
[0.615s] Level 1:colcon.colcon_core.package_identification:_identify(description/RP_wd/mjcf/textures) by extension 'ignore_ament_install'
[0.615s] Level 1:colcon.colcon_core.package_identification:_identify(description/RP_wd/mjcf/textures) by extensions ['colcon_pkg']
[0.615s] Level 1:colcon.colcon_core.package_identification:_identify(description/RP_wd/mjcf/textures) by extension 'colcon_pkg'
[0.615s] Level 1:colcon.colcon_core.package_identification:_identify(description/RP_wd/mjcf/textures) by extensions ['colcon_meta']
[0.615s] Level 1:colcon.colcon_core.package_identification:_identify(description/RP_wd/mjcf/textures) by extension 'colcon_meta'
[0.615s] Level 1:colcon.colcon_core.package_identification:_identify(description/RP_wd/mjcf/textures) by extensions ['ros']
[0.615s] Level 1:colcon.colcon_core.package_identification:_identify(description/RP_wd/mjcf/textures) by extension 'ros'
[0.615s] Level 1:colcon.colcon_core.package_identification:_identify(description/RP_wd/mjcf/textures) by extensions ['cmake', 'python']
[0.615s] Level 1:colcon.colcon_core.package_identification:_identify(description/RP_wd/mjcf/textures) by extension 'cmake'
[0.615s] Level 1:colcon.colcon_core.package_identification:_identify(description/RP_wd/mjcf/textures) by extension 'python'
[0.615s] Level 1:colcon.colcon_core.package_identification:_identify(description/RP_wd/mjcf/textures) by extensions ['python_setup_py']
[0.615s] Level 1:colcon.colcon_core.package_identification:_identify(description/RP_wd/mjcf/textures) by extension 'python_setup_py'
[0.616s] Level 1:colcon.colcon_core.package_identification:_identify(description/RP_wd/urdf) by extensions ['ignore', 'ignore_ament_install']
[0.616s] Level 1:colcon.colcon_core.package_identification:_identify(description/RP_wd/urdf) by extension 'ignore'
[0.616s] Level 1:colcon.colcon_core.package_identification:_identify(description/RP_wd/urdf) by extension 'ignore_ament_install'
[0.616s] Level 1:colcon.colcon_core.package_identification:_identify(description/RP_wd/urdf) by extensions ['colcon_pkg']
[0.616s] Level 1:colcon.colcon_core.package_identification:_identify(description/RP_wd/urdf) by extension 'colcon_pkg'
[0.616s] Level 1:colcon.colcon_core.package_identification:_identify(description/RP_wd/urdf) by extensions ['colcon_meta']
[0.616s] Level 1:colcon.colcon_core.package_identification:_identify(description/RP_wd/urdf) by extension 'colcon_meta'
[0.616s] Level 1:colcon.colcon_core.package_identification:_identify(description/RP_wd/urdf) by extensions ['ros']
[0.616s] Level 1:colcon.colcon_core.package_identification:_identify(description/RP_wd/urdf) by extension 'ros'
[0.616s] Level 1:colcon.colcon_core.package_identification:_identify(description/RP_wd/urdf) by extensions ['cmake', 'python']
[0.616s] Level 1:colcon.colcon_core.package_identification:_identify(description/RP_wd/urdf) by extension 'cmake'
[0.616s] Level 1:colcon.colcon_core.package_identification:_identify(description/RP_wd/urdf) by extension 'python'
[0.616s] Level 1:colcon.colcon_core.package_identification:_identify(description/RP_wd/urdf) by extensions ['python_setup_py']
[0.616s] Level 1:colcon.colcon_core.package_identification:_identify(description/RP_wd/urdf) by extension 'python_setup_py'
[0.616s] Level 1:colcon.colcon_core.package_identification:_identify(description/RP_wd/urdf/meshes) by extensions ['ignore', 'ignore_ament_install']
[0.616s] Level 1:colcon.colcon_core.package_identification:_identify(description/RP_wd/urdf/meshes) by extension 'ignore'
[0.616s] Level 1:colcon.colcon_core.package_identification:_identify(description/RP_wd/urdf/meshes) by extension 'ignore_ament_install'
[0.616s] Level 1:colcon.colcon_core.package_identification:_identify(description/RP_wd/urdf/meshes) by extensions ['colcon_pkg']
[0.616s] Level 1:colcon.colcon_core.package_identification:_identify(description/RP_wd/urdf/meshes) by extension 'colcon_pkg'
[0.616s] Level 1:colcon.colcon_core.package_identification:_identify(description/RP_wd/urdf/meshes) by extensions ['colcon_meta']
[0.616s] Level 1:colcon.colcon_core.package_identification:_identify(description/RP_wd/urdf/meshes) by extension 'colcon_meta'
[0.616s] Level 1:colcon.colcon_core.package_identification:_identify(description/RP_wd/urdf/meshes) by extensions ['ros']
[0.616s] Level 1:colcon.colcon_core.package_identification:_identify(description/RP_wd/urdf/meshes) by extension 'ros'
[0.616s] Level 1:colcon.colcon_core.package_identification:_identify(description/RP_wd/urdf/meshes) by extensions ['cmake', 'python']
[0.616s] Level 1:colcon.colcon_core.package_identification:_identify(description/RP_wd/urdf/meshes) by extension 'cmake'
[0.616s] Level 1:colcon.colcon_core.package_identification:_identify(description/RP_wd/urdf/meshes) by extension 'python'
[0.616s] Level 1:colcon.colcon_core.package_identification:_identify(description/RP_wd/urdf/meshes) by extensions ['python_setup_py']
[0.616s] Level 1:colcon.colcon_core.package_identification:_identify(description/RP_wd/urdf/meshes) by extension 'python_setup_py'
[0.616s] Level 1:colcon.colcon_core.package_identification:_identify(description/RP_wd/urdf/textures) by extensions ['ignore', 'ignore_ament_install']
[0.616s] Level 1:colcon.colcon_core.package_identification:_identify(description/RP_wd/urdf/textures) by extension 'ignore'
[0.616s] Level 1:colcon.colcon_core.package_identification:_identify(description/RP_wd/urdf/textures) by extension 'ignore_ament_install'
[0.616s] Level 1:colcon.colcon_core.package_identification:_identify(description/RP_wd/urdf/textures) by extensions ['colcon_pkg']
[0.616s] Level 1:colcon.colcon_core.package_identification:_identify(description/RP_wd/urdf/textures) by extension 'colcon_pkg'
[0.616s] Level 1:colcon.colcon_core.package_identification:_identify(description/RP_wd/urdf/textures) by extensions ['colcon_meta']
[0.616s] Level 1:colcon.colcon_core.package_identification:_identify(description/RP_wd/urdf/textures) by extension 'colcon_meta'
[0.616s] Level 1:colcon.colcon_core.package_identification:_identify(description/RP_wd/urdf/textures) by extensions ['ros']
[0.616s] Level 1:colcon.colcon_core.package_identification:_identify(description/RP_wd/urdf/textures) by extension 'ros'
[0.616s] Level 1:colcon.colcon_core.package_identification:_identify(description/RP_wd/urdf/textures) by extensions ['cmake', 'python']
[0.616s] Level 1:colcon.colcon_core.package_identification:_identify(description/RP_wd/urdf/textures) by extension 'cmake'
[0.616s] Level 1:colcon.colcon_core.package_identification:_identify(description/RP_wd/urdf/textures) by extension 'python'
[0.616s] Level 1:colcon.colcon_core.package_identification:_identify(description/RP_wd/urdf/textures) by extensions ['python_setup_py']
[0.616s] Level 1:colcon.colcon_core.package_identification:_identify(description/RP_wd/urdf/textures) by extension 'python_setup_py'
[0.617s] Level 1:colcon.colcon_core.package_identification:_identify(description/RP_wd/usd) by extensions ['ignore', 'ignore_ament_install']
[0.617s] Level 1:colcon.colcon_core.package_identification:_identify(description/RP_wd/usd) by extension 'ignore'
[0.617s] Level 1:colcon.colcon_core.package_identification:_identify(description/RP_wd/usd) by extension 'ignore_ament_install'
[0.617s] Level 1:colcon.colcon_core.package_identification:_identify(description/RP_wd/usd) by extensions ['colcon_pkg']
[0.617s] Level 1:colcon.colcon_core.package_identification:_identify(description/RP_wd/usd) by extension 'colcon_pkg'
[0.617s] Level 1:colcon.colcon_core.package_identification:_identify(description/RP_wd/usd) by extensions ['colcon_meta']
[0.617s] Level 1:colcon.colcon_core.package_identification:_identify(description/RP_wd/usd) by extension 'colcon_meta'
[0.617s] Level 1:colcon.colcon_core.package_identification:_identify(description/RP_wd/usd) by extensions ['ros']
[0.617s] Level 1:colcon.colcon_core.package_identification:_identify(description/RP_wd/usd) by extension 'ros'
[0.617s] Level 1:colcon.colcon_core.package_identification:_identify(description/RP_wd/usd) by extensions ['cmake', 'python']
[0.617s] Level 1:colcon.colcon_core.package_identification:_identify(description/RP_wd/usd) by extension 'cmake'
[0.617s] Level 1:colcon.colcon_core.package_identification:_identify(description/RP_wd/usd) by extension 'python'
[0.617s] Level 1:colcon.colcon_core.package_identification:_identify(description/RP_wd/usd) by extensions ['python_setup_py']
[0.617s] Level 1:colcon.colcon_core.package_identification:_identify(description/RP_wd/usd) by extension 'python_setup_py'
[0.617s] Level 1:colcon.colcon_core.package_identification:_identify(description/RP_wd/usd/configuration) by extensions ['ignore', 'ignore_ament_install']
[0.617s] Level 1:colcon.colcon_core.package_identification:_identify(description/RP_wd/usd/configuration) by extension 'ignore'
[0.617s] Level 1:colcon.colcon_core.package_identification:_identify(description/RP_wd/usd/configuration) by extension 'ignore_ament_install'
[0.617s] Level 1:colcon.colcon_core.package_identification:_identify(description/RP_wd/usd/configuration) by extensions ['colcon_pkg']
[0.617s] Level 1:colcon.colcon_core.package_identification:_identify(description/RP_wd/usd/configuration) by extension 'colcon_pkg'
[0.617s] Level 1:colcon.colcon_core.package_identification:_identify(description/RP_wd/usd/configuration) by extensions ['colcon_meta']
[0.617s] Level 1:colcon.colcon_core.package_identification:_identify(description/RP_wd/usd/configuration) by extension 'colcon_meta'
[0.617s] Level 1:colcon.colcon_core.package_identification:_identify(description/RP_wd/usd/configuration) by extensions ['ros']
[0.617s] Level 1:colcon.colcon_core.package_identification:_identify(description/RP_wd/usd/configuration) by extension 'ros'
[0.617s] Level 1:colcon.colcon_core.package_identification:_identify(description/RP_wd/usd/configuration) by extensions ['cmake', 'python']
[0.617s] Level 1:colcon.colcon_core.package_identification:_identify(description/RP_wd/usd/configuration) by extension 'cmake'
[0.617s] Level 1:colcon.colcon_core.package_identification:_identify(description/RP_wd/usd/configuration) by extension 'python'
[0.617s] Level 1:colcon.colcon_core.package_identification:_identify(description/RP_wd/usd/configuration) by extensions ['python_setup_py']
[0.617s] Level 1:colcon.colcon_core.package_identification:_identify(description/RP_wd/usd/configuration) by extension 'python_setup_py'
[0.617s] Level 1:colcon.colcon_core.package_identification:_identify(install) by extensions ['ignore', 'ignore_ament_install']
[0.617s] Level 1:colcon.colcon_core.package_identification:_identify(install) by extension 'ignore'
[0.617s] Level 1:colcon.colcon_core.package_identification:_identify(install) ignored
[0.617s] Level 1:colcon.colcon_core.package_identification:_identify(log) by extensions ['ignore', 'ignore_ament_install']
[0.617s] Level 1:colcon.colcon_core.package_identification:_identify(log) by extension 'ignore'
[0.617s] Level 1:colcon.colcon_core.package_identification:_identify(log) ignored
[0.618s] Level 1:colcon.colcon_core.package_identification:_identify(scripts) by extensions ['ignore', 'ignore_ament_install']
[0.618s] Level 1:colcon.colcon_core.package_identification:_identify(scripts) by extension 'ignore'
[0.618s] Level 1:colcon.colcon_core.package_identification:_identify(scripts) by extension 'ignore_ament_install'
[0.618s] Level 1:colcon.colcon_core.package_identification:_identify(scripts) by extensions ['colcon_pkg']
[0.618s] Level 1:colcon.colcon_core.package_identification:_identify(scripts) by extension 'colcon_pkg'
[0.618s] Level 1:colcon.colcon_core.package_identification:_identify(scripts) by extensions ['colcon_meta']
[0.618s] Level 1:colcon.colcon_core.package_identification:_identify(scripts) by extension 'colcon_meta'
[0.618s] Level 1:colcon.colcon_core.package_identification:_identify(scripts) by extensions ['ros']
[0.618s] Level 1:colcon.colcon_core.package_identification:_identify(scripts) by extension 'ros'
[0.618s] Level 1:colcon.colcon_core.package_identification:_identify(scripts) by extensions ['cmake', 'python']
[0.618s] Level 1:colcon.colcon_core.package_identification:_identify(scripts) by extension 'cmake'
[0.618s] Level 1:colcon.colcon_core.package_identification:_identify(scripts) by extension 'python'
[0.618s] Level 1:colcon.colcon_core.package_identification:_identify(scripts) by extensions ['python_setup_py']
[0.618s] Level 1:colcon.colcon_core.package_identification:_identify(scripts) by extension 'python_setup_py'
[0.618s] Level 1:colcon.colcon_core.package_identification:_identify(scripts/config) by extensions ['ignore', 'ignore_ament_install']
[0.618s] Level 1:colcon.colcon_core.package_identification:_identify(scripts/config) by extension 'ignore'
[0.618s] Level 1:colcon.colcon_core.package_identification:_identify(scripts/config) by extension 'ignore_ament_install'
[0.618s] Level 1:colcon.colcon_core.package_identification:_identify(scripts/config) by extensions ['colcon_pkg']
[0.618s] Level 1:colcon.colcon_core.package_identification:_identify(scripts/config) by extension 'colcon_pkg'
[0.618s] Level 1:colcon.colcon_core.package_identification:_identify(scripts/config) by extensions ['colcon_meta']
[0.618s] Level 1:colcon.colcon_core.package_identification:_identify(scripts/config) by extension 'colcon_meta'
[0.618s] Level 1:colcon.colcon_core.package_identification:_identify(scripts/config) by extensions ['ros']
[0.618s] Level 1:colcon.colcon_core.package_identification:_identify(scripts/config) by extension 'ros'
[0.618s] Level 1:colcon.colcon_core.package_identification:_identify(scripts/config) by extensions ['cmake', 'python']
[0.618s] Level 1:colcon.colcon_core.package_identification:_identify(scripts/config) by extension 'cmake'
[0.618s] Level 1:colcon.colcon_core.package_identification:_identify(scripts/config) by extension 'python'
[0.618s] Level 1:colcon.colcon_core.package_identification:_identify(scripts/config) by extensions ['python_setup_py']
[0.618s] Level 1:colcon.colcon_core.package_identification:_identify(scripts/config) by extension 'python_setup_py'
[0.619s] Level 1:colcon.colcon_core.package_identification:_identify(src) by extensions ['ignore', 'ignore_ament_install']
[0.619s] Level 1:colcon.colcon_core.package_identification:_identify(src) by extension 'ignore'
[0.619s] Level 1:colcon.colcon_core.package_identification:_identify(src) by extension 'ignore_ament_install'
[0.619s] Level 1:colcon.colcon_core.package_identification:_identify(src) by extensions ['colcon_pkg']
[0.619s] Level 1:colcon.colcon_core.package_identification:_identify(src) by extension 'colcon_pkg'
[0.619s] Level 1:colcon.colcon_core.package_identification:_identify(src) by extensions ['colcon_meta']
[0.619s] Level 1:colcon.colcon_core.package_identification:_identify(src) by extension 'colcon_meta'
[0.619s] Level 1:colcon.colcon_core.package_identification:_identify(src) by extensions ['ros']
[0.619s] Level 1:colcon.colcon_core.package_identification:_identify(src) by extension 'ros'
[0.619s] Level 1:colcon.colcon_core.package_identification:_identify(src) by extensions ['cmake', 'python']
[0.619s] Level 1:colcon.colcon_core.package_identification:_identify(src) by extension 'cmake'
[0.619s] Level 1:colcon.colcon_core.package_identification:_identify(src) by extension 'python'
[0.619s] Level 1:colcon.colcon_core.package_identification:_identify(src) by extensions ['python_setup_py']
[0.619s] Level 1:colcon.colcon_core.package_identification:_identify(src) by extension 'python_setup_py'
[0.619s] Level 1:colcon.colcon_core.package_identification:_identify(src/imu) by extensions ['ignore', 'ignore_ament_install']
[0.619s] Level 1:colcon.colcon_core.package_identification:_identify(src/imu) by extension 'ignore'
[0.619s] Level 1:colcon.colcon_core.package_identification:_identify(src/imu) by extension 'ignore_ament_install'
[0.619s] Level 1:colcon.colcon_core.package_identification:_identify(src/imu) by extensions ['colcon_pkg']
[0.619s] Level 1:colcon.colcon_core.package_identification:_identify(src/imu) by extension 'colcon_pkg'
[0.619s] Level 1:colcon.colcon_core.package_identification:_identify(src/imu) by extensions ['colcon_meta']
[0.619s] Level 1:colcon.colcon_core.package_identification:_identify(src/imu) by extension 'colcon_meta'
[0.619s] Level 1:colcon.colcon_core.package_identification:_identify(src/imu) by extensions ['ros']
[0.619s] Level 1:colcon.colcon_core.package_identification:_identify(src/imu) by extension 'ros'
[0.619s] Level 1:colcon.colcon_core.package_identification:_identify(src/imu) by extensions ['cmake', 'python']
[0.619s] Level 1:colcon.colcon_core.package_identification:_identify(src/imu) by extension 'cmake'
[0.619s] Level 1:colcon.colcon_core.package_identification:_identify(src/imu) by extension 'python'
[0.619s] Level 1:colcon.colcon_core.package_identification:_identify(src/imu) by extensions ['python_setup_py']
[0.619s] Level 1:colcon.colcon_core.package_identification:_identify(src/imu) by extension 'python_setup_py'
[0.620s] Level 1:colcon.colcon_core.package_identification:_identify(src/imu/build) by extensions ['ignore', 'ignore_ament_install']
[0.620s] Level 1:colcon.colcon_core.package_identification:_identify(src/imu/build) by extension 'ignore'
[0.620s] Level 1:colcon.colcon_core.package_identification:_identify(src/imu/build) ignored
[0.621s] Level 1:colcon.colcon_core.package_identification:_identify(src/imu/imu_ros2) by extensions ['ignore', 'ignore_ament_install']
[0.621s] Level 1:colcon.colcon_core.package_identification:_identify(src/imu/imu_ros2) by extension 'ignore'
[0.621s] Level 1:colcon.colcon_core.package_identification:_identify(src/imu/imu_ros2) by extension 'ignore_ament_install'
[0.621s] Level 1:colcon.colcon_core.package_identification:_identify(src/imu/imu_ros2) by extensions ['colcon_pkg']
[0.621s] Level 1:colcon.colcon_core.package_identification:_identify(src/imu/imu_ros2) by extension 'colcon_pkg'
[0.621s] Level 1:colcon.colcon_core.package_identification:_identify(src/imu/imu_ros2) by extensions ['colcon_meta']
[0.621s] Level 1:colcon.colcon_core.package_identification:_identify(src/imu/imu_ros2) by extension 'colcon_meta'
[0.621s] Level 1:colcon.colcon_core.package_identification:_identify(src/imu/imu_ros2) by extensions ['ros']
[0.621s] Level 1:colcon.colcon_core.package_identification:_identify(src/imu/imu_ros2) by extension 'ros'
[0.624s] DEBUG:colcon.colcon_core.package_identification:Package 'src/imu/imu_ros2' with type 'ros.ament_cmake' and name 'roboparty_imu'
[0.624s] Level 1:colcon.colcon_core.package_identification:_identify(src/imu/install) by extensions ['ignore', 'ignore_ament_install']
[0.624s] Level 1:colcon.colcon_core.package_identification:_identify(src/imu/install) by extension 'ignore'
[0.624s] Level 1:colcon.colcon_core.package_identification:_identify(src/imu/install) ignored
[0.625s] Level 1:colcon.colcon_core.package_identification:_identify(src/imu/log) by extensions ['ignore', 'ignore_ament_install']
[0.625s] Level 1:colcon.colcon_core.package_identification:_identify(src/imu/log) by extension 'ignore'
[0.625s] Level 1:colcon.colcon_core.package_identification:_identify(src/imu/log) ignored
[0.625s] Level 1:colcon.colcon_core.package_identification:_identify(src/inference) by extensions ['ignore', 'ignore_ament_install']
[0.625s] Level 1:colcon.colcon_core.package_identification:_identify(src/inference) by extension 'ignore'
[0.625s] Level 1:colcon.colcon_core.package_identification:_identify(src/inference) by extension 'ignore_ament_install'
[0.625s] Level 1:colcon.colcon_core.package_identification:_identify(src/inference) by extensions ['colcon_pkg']
[0.625s] Level 1:colcon.colcon_core.package_identification:_identify(src/inference) by extension 'colcon_pkg'
[0.625s] Level 1:colcon.colcon_core.package_identification:_identify(src/inference) by extensions ['colcon_meta']
[0.625s] Level 1:colcon.colcon_core.package_identification:_identify(src/inference) by extension 'colcon_meta'
[0.625s] Level 1:colcon.colcon_core.package_identification:_identify(src/inference) by extensions ['ros']
[0.625s] Level 1:colcon.colcon_core.package_identification:_identify(src/inference) by extension 'ros'
[0.626s] DEBUG:colcon.colcon_core.package_identification:Package 'src/inference' with type 'ros.ament_cmake' and name 'roboparty_inference'
[0.626s] Level 1:colcon.colcon_core.package_identification:_identify(src/motors) by extensions ['ignore', 'ignore_ament_install']
[0.626s] Level 1:colcon.colcon_core.package_identification:_identify(src/motors) by extension 'ignore'
[0.626s] Level 1:colcon.colcon_core.package_identification:_identify(src/motors) by extension 'ignore_ament_install'
[0.626s] Level 1:colcon.colcon_core.package_identification:_identify(src/motors) by extensions ['colcon_pkg']
[0.626s] Level 1:colcon.colcon_core.package_identification:_identify(src/motors) by extension 'colcon_pkg'
[0.626s] Level 1:colcon.colcon_core.package_identification:_identify(src/motors) by extensions ['colcon_meta']
[0.626s] Level 1:colcon.colcon_core.package_identification:_identify(src/motors) by extension 'colcon_meta'
[0.626s] Level 1:colcon.colcon_core.package_identification:_identify(src/motors) by extensions ['ros']
[0.626s] Level 1:colcon.colcon_core.package_identification:_identify(src/motors) by extension 'ros'
[0.628s] DEBUG:colcon.colcon_core.package_identification:Package 'src/motors' with type 'ros.ament_cmake' and name 'roboparty_motors'
[0.628s] Level 1:colcon.colcon_core.package_discovery:discover_packages(recursive) using defaults
[0.628s] Level 1:colcon.colcon_core.package_discovery:discover_packages(ignore) discover
[0.628s] Level 1:colcon.colcon_core.package_discovery:discover_packages(ignore) using defaults
[0.628s] Level 1:colcon.colcon_core.package_discovery:discover_packages(path) discover
[0.628s] Level 1:colcon.colcon_core.package_discovery:discover_packages(path) using defaults
[0.647s] Level 1:colcon.colcon_core.package_discovery:discover_packages(prefix_path) check parameters
[0.647s] Level 1:colcon.colcon_core.package_discovery:discover_packages(prefix_path) discover
[0.651s] DEBUG:colcon.colcon_installed_package_information.package_discovery:Found 287 installed packages in /opt/ros/jazzy
[0.652s] Level 1:colcon.colcon_core.package_discovery:discover_packages(prefix_path) using defaults
[0.703s] Level 5:colcon.colcon_core.verb:set package 'roboparty_imu' build argument 'cmake_args' from command line to 'None'
[0.704s] Level 5:colcon.colcon_core.verb:set package 'roboparty_imu' build argument 'cmake_target' from command line to 'None'
[0.704s] Level 5:colcon.colcon_core.verb:set package 'roboparty_imu' build argument 'cmake_target_skip_unavailable' from command line to 'False'
[0.704s] Level 5:colcon.colcon_core.verb:set package 'roboparty_imu' build argument 'cmake_clean_cache' from command line to 'False'
[0.704s] Level 5:colcon.colcon_core.verb:set package 'roboparty_imu' build argument 'cmake_clean_first' from command line to 'False'
[0.704s] Level 5:colcon.colcon_core.verb:set package 'roboparty_imu' build argument 'cmake_force_configure' from command line to 'False'
[0.704s] Level 5:colcon.colcon_core.verb:set package 'roboparty_imu' build argument 'ament_cmake_args' from command line to 'None'
[0.704s] Level 5:colcon.colcon_core.verb:set package 'roboparty_imu' build argument 'catkin_cmake_args' from command line to 'None'
[0.704s] Level 5:colcon.colcon_core.verb:set package 'roboparty_imu' build argument 'catkin_skip_building_tests' from command line to 'False'
[0.704s] DEBUG:colcon.colcon_core.verb:Building package 'roboparty_imu' with the following arguments: {'ament_cmake_args': None, 'build_base': '/home/rp/Dog_deploy/build/roboparty_imu', 'catkin_cmake_args': None, 'catkin_skip_building_tests': False, 'cmake_args': None, 'cmake_clean_cache': False, 'cmake_clean_first': False, 'cmake_force_configure': False, 'cmake_target': None, 'cmake_target_skip_unavailable': False, 'install_base': '/home/rp/Dog_deploy/install/roboparty_imu', 'merge_install': False, 'path': '/home/rp/Dog_deploy/src/imu/imu_ros2', 'symlink_install': False, 'test_result_base': None}
[0.704s] Level 5:colcon.colcon_core.verb:set package 'roboparty_motors' build argument 'cmake_args' from command line to 'None'
[0.704s] Level 5:colcon.colcon_core.verb:set package 'roboparty_motors' build argument 'cmake_target' from command line to 'None'
[0.704s] Level 5:colcon.colcon_core.verb:set package 'roboparty_motors' build argument 'cmake_target_skip_unavailable' from command line to 'False'
[0.704s] Level 5:colcon.colcon_core.verb:set package 'roboparty_motors' build argument 'cmake_clean_cache' from command line to 'False'
[0.704s] Level 5:colcon.colcon_core.verb:set package 'roboparty_motors' build argument 'cmake_clean_first' from command line to 'False'
[0.704s] Level 5:colcon.colcon_core.verb:set package 'roboparty_motors' build argument 'cmake_force_configure' from command line to 'False'
[0.704s] Level 5:colcon.colcon_core.verb:set package 'roboparty_motors' build argument 'ament_cmake_args' from command line to 'None'
[0.704s] Level 5:colcon.colcon_core.verb:set package 'roboparty_motors' build argument 'catkin_cmake_args' from command line to 'None'
[0.704s] Level 5:colcon.colcon_core.verb:set package 'roboparty_motors' build argument 'catkin_skip_building_tests' from command line to 'False'
[0.704s] DEBUG:colcon.colcon_core.verb:Building package 'roboparty_motors' with the following arguments: {'ament_cmake_args': None, 'build_base': '/home/rp/Dog_deploy/build/roboparty_motors', 'catkin_cmake_args': None, 'catkin_skip_building_tests': False, 'cmake_args': None, 'cmake_clean_cache': False, 'cmake_clean_first': False, 'cmake_force_configure': False, 'cmake_target': None, 'cmake_target_skip_unavailable': False, 'install_base': '/home/rp/Dog_deploy/install/roboparty_motors', 'merge_install': False, 'path': '/home/rp/Dog_deploy/src/motors', 'symlink_install': False, 'test_result_base': None}
[0.704s] Level 5:colcon.colcon_core.verb:set package 'roboparty_inference' build argument 'cmake_args' from command line to 'None'
[0.704s] Level 5:colcon.colcon_core.verb:set package 'roboparty_inference' build argument 'cmake_target' from command line to 'None'
[0.704s] Level 5:colcon.colcon_core.verb:set package 'roboparty_inference' build argument 'cmake_target_skip_unavailable' from command line to 'False'
[0.704s] Level 5:colcon.colcon_core.verb:set package 'roboparty_inference' build argument 'cmake_clean_cache' from command line to 'False'
[0.704s] Level 5:colcon.colcon_core.verb:set package 'roboparty_inference' build argument 'cmake_clean_first' from command line to 'False'
[0.704s] Level 5:colcon.colcon_core.verb:set package 'roboparty_inference' build argument 'cmake_force_configure' from command line to 'False'
[0.704s] Level 5:colcon.colcon_core.verb:set package 'roboparty_inference' build argument 'ament_cmake_args' from command line to 'None'
[0.704s] Level 5:colcon.colcon_core.verb:set package 'roboparty_inference' build argument 'catkin_cmake_args' from command line to 'None'
[0.704s] Level 5:colcon.colcon_core.verb:set package 'roboparty_inference' build argument 'catkin_skip_building_tests' from command line to 'False'
[0.704s] DEBUG:colcon.colcon_core.verb:Building package 'roboparty_inference' with the following arguments: {'ament_cmake_args': None, 'build_base': '/home/rp/Dog_deploy/build/roboparty_inference', 'catkin_cmake_args': None, 'catkin_skip_building_tests': False, 'cmake_args': None, 'cmake_clean_cache': False, 'cmake_clean_first': False, 'cmake_force_configure': False, 'cmake_target': None, 'cmake_target_skip_unavailable': False, 'install_base': '/home/rp/Dog_deploy/install/roboparty_inference', 'merge_install': False, 'path': '/home/rp/Dog_deploy/src/inference', 'symlink_install': False, 'test_result_base': None}
[0.704s] INFO:colcon.colcon_core.executor:Executing jobs using 'parallel' executor
[0.705s] DEBUG:colcon.colcon_parallel_executor.executor.parallel:run_until_complete
[0.705s] INFO:colcon.colcon_ros.task.ament_cmake.build:Building ROS package in '/home/rp/Dog_deploy/src/imu/imu_ros2' with build type 'ament_cmake'
[0.705s] INFO:colcon.colcon_cmake.task.cmake.build:Building CMake package in '/home/rp/Dog_deploy/src/imu/imu_ros2'
[0.708s] INFO:colcon.colcon_core.plugin_system:Skipping extension 'colcon_core.shell.bat': Not used on non-Windows systems
[0.708s] INFO:colcon.colcon_core.shell:Skip shell extension 'powershell' for command environment: Not usable outside of PowerShell
[0.708s] DEBUG:colcon.colcon_core.shell:Skip shell extension 'dsv' for command environment
[0.712s] INFO:colcon.colcon_ros.task.ament_cmake.build:Building ROS package in '/home/rp/Dog_deploy/src/motors' with build type 'ament_cmake'
[0.712s] INFO:colcon.colcon_cmake.task.cmake.build:Building CMake package in '/home/rp/Dog_deploy/src/motors'
[0.712s] INFO:colcon.colcon_core.shell:Skip shell extension 'powershell' for command environment: Not usable outside of PowerShell
[0.712s] DEBUG:colcon.colcon_core.shell:Skip shell extension 'dsv' for command environment
[0.718s] DEBUG:colcon.colcon_core.event_handler.log_command:Invoking command in '/home/rp/Dog_deploy/build/roboparty_motors': CMAKE_PREFIX_PATH=${CMAKE_PREFIX_PATH}:/opt/ros/jazzy CONDA_PROMPT_MODIFIER=(env_isaaclab) DEBUGINFOD_URLS=https://debuginfod.ubuntu.com /usr/bin/cmake --build /home/rp/Dog_deploy/build/roboparty_motors -- -j14 -l14
[0.723s] DEBUG:colcon.colcon_core.event_handler.log_command:Invoking command in '/home/rp/Dog_deploy/build/roboparty_imu': CMAKE_PREFIX_PATH=${CMAKE_PREFIX_PATH}:/opt/ros/jazzy CONDA_PROMPT_MODIFIER=(env_isaaclab) DEBUGINFOD_URLS=https://debuginfod.ubuntu.com /usr/bin/cmake --build /home/rp/Dog_deploy/build/roboparty_imu -- -j14 -l14
[85.707s] DEBUG:colcon.colcon_core.event_handler.log_command:Invoked command in '/home/rp/Dog_deploy/build/roboparty_motors' returned '2': CMAKE_PREFIX_PATH=${CMAKE_PREFIX_PATH}:/opt/ros/jazzy CONDA_PROMPT_MODIFIER=(env_isaaclab) DEBUGINFOD_URLS=https://debuginfod.ubuntu.com /usr/bin/cmake --build /home/rp/Dog_deploy/build/roboparty_motors -- -j14 -l14
[85.752s] Level 1:colcon.colcon_core.environment:create_environment_scripts_only(roboparty_motors)
[85.893s] Level 1:colcon.colcon_core.environment:checking '/home/rp/Dog_deploy/install/roboparty_motors' for CMake module files
[85.915s] Level 1:colcon.colcon_core.environment:checking '/home/rp/Dog_deploy/install/roboparty_motors' for CMake config files
[85.933s] Level 1:colcon.colcon_core.environment:checking '/home/rp/Dog_deploy/install/roboparty_motors/bin'
[85.933s] Level 1:colcon.colcon_core.environment:checking '/home/rp/Dog_deploy/install/roboparty_motors/lib/pkgconfig/roboparty_motors.pc'
[85.934s] Level 1:colcon.colcon_core.environment:checking '/home/rp/Dog_deploy/install/roboparty_motors/lib/python3.12/site-packages'
[85.934s] Level 1:colcon.colcon_core.environment:checking '/home/rp/Dog_deploy/install/roboparty_motors/bin'
[85.935s] INFO:colcon.colcon_core.shell:Creating package script '/home/rp/Dog_deploy/install/roboparty_motors/share/roboparty_motors/package.ps1'
[85.979s] INFO:colcon.colcon_core.shell:Creating package descriptor '/home/rp/Dog_deploy/install/roboparty_motors/share/roboparty_motors/package.dsv'
[85.989s] INFO:colcon.colcon_core.shell:Creating package script '/home/rp/Dog_deploy/install/roboparty_motors/share/roboparty_motors/package.sh'
[85.995s] INFO:colcon.colcon_core.shell:Creating package script '/home/rp/Dog_deploy/install/roboparty_motors/share/roboparty_motors/package.bash'
[86.009s] INFO:colcon.colcon_core.shell:Creating package script '/home/rp/Dog_deploy/install/roboparty_motors/share/roboparty_motors/package.zsh'
[86.022s] Level 1:colcon.colcon_core.environment:create_file_with_runtime_dependencies(/home/rp/Dog_deploy/install/roboparty_motors/share/colcon-core/packages/roboparty_motors)
[86.051s] DEBUG:colcon.colcon_parallel_executor.executor.parallel:closing loop
[86.051s] DEBUG:colcon.colcon_parallel_executor.executor.parallel:loop closed
[86.051s] DEBUG:colcon.colcon_parallel_executor.executor.parallel:run_until_complete finished with '2'
[86.052s] DEBUG:colcon.colcon_core.event_reactor:joining thread
[86.326s] INFO:colcon.colcon_core.plugin_system:Skipping extension 'colcon_notification.desktop_notification.terminal_notifier': Not used on non-Darwin systems
[86.326s] INFO:colcon.colcon_core.plugin_system:Skipping extension 'colcon_notification.desktop_notification.win32': Not used on non-Windows systems
[86.326s] INFO:colcon.colcon_notification.desktop_notification:Sending desktop notification using 'notify2'
[86.828s] DEBUG:colcon.colcon_core.event_reactor:joined thread
[86.829s] INFO:colcon.colcon_core.shell:Creating prefix script '/home/rp/Dog_deploy/install/local_setup.ps1'
[86.838s] INFO:colcon.colcon_core.shell:Creating prefix util module '/home/rp/Dog_deploy/install/_local_setup_util_ps1.py'
[86.848s] INFO:colcon.colcon_core.shell:Creating prefix chain script '/home/rp/Dog_deploy/install/setup.ps1'
[86.857s] INFO:colcon.colcon_core.shell:Creating prefix script '/home/rp/Dog_deploy/install/local_setup.sh'
[86.863s] INFO:colcon.colcon_core.shell:Creating prefix util module '/home/rp/Dog_deploy/install/_local_setup_util_sh.py'
[86.863s] INFO:colcon.colcon_core.shell:Creating prefix chain script '/home/rp/Dog_deploy/install/setup.sh'
[86.865s] INFO:colcon.colcon_core.shell:Creating prefix script '/home/rp/Dog_deploy/install/local_setup.bash'
[86.868s] INFO:colcon.colcon_core.shell:Creating prefix chain script '/home/rp/Dog_deploy/install/setup.bash'
[86.870s] INFO:colcon.colcon_core.shell:Creating prefix script '/home/rp/Dog_deploy/install/local_setup.zsh'
[86.872s] INFO:colcon.colcon_core.shell:Creating prefix chain script '/home/rp/Dog_deploy/install/setup.zsh'
