[0.005s] Invoking command in '/home/xhr/Dog_VMC/Module/imu/build/imu_ros2': CMAKE_PREFIX_PATH=/opt/ros/humble /usr/bin/cmake /home/xhr/Dog_VMC/Module/imu/imu_ros2 -DCMAKE_INSTALL_PREFIX=/home/xhr/Dog_VMC/Module/imu/install/imu_ros2
[0.041s] -- The C compiler identification is GNU 11.4.0
[0.078s] -- The CXX compiler identification is GNU 11.4.0
[0.082s] -- Detecting C compiler ABI info
[0.135s] -- Detecting C compiler ABI info - done
[0.139s] -- Check for working C compiler: /usr/bin/cc - skipped
[0.139s] -- Detecting C compile features
[0.140s] -- Detecting C compile features - done
[0.142s] -- Detecting CXX compiler ABI info
[0.207s] -- Detecting CXX compiler ABI info - done
[0.210s] -- Check for working CXX compiler: /usr/bin/c++ - skipped
[0.211s] -- Detecting CXX compile features
[0.211s] -- Detecting CXX compile features - done
[0.212s] -- Found ament_cmake: 1.3.11 (/opt/ros/humble/share/ament_cmake/cmake)
[0.332s] -- Found Python3: /usr/bin/python3 (found version "3.10.12") found components: Interpreter 
[0.378s] -- Found rclcpp: 16.0.12 (/opt/ros/humble/share/rclcpp/cmake)
[0.398s] -- Found rosidl_generator_c: 3.1.6 (/opt/ros/humble/share/rosidl_generator_c/cmake)
[0.400s] -- Found rosidl_adapter: 3.1.6 (/opt/ros/humble/share/rosidl_adapter/cmake)
[0.404s] -- Found rosidl_generator_cpp: 3.1.6 (/opt/ros/humble/share/rosidl_generator_cpp/cmake)
[0.409s] -- Using all available rosidl_typesupport_c: rosidl_typesupport_fastrtps_c;rosidl_typesupport_introspection_c
[0.417s] -- Using all available rosidl_typesupport_cpp: rosidl_typesupport_fastrtps_cpp;rosidl_typesupport_introspection_cpp
[0.437s] -- Found rmw_implementation_cmake: 6.1.2 (/opt/ros/humble/share/rmw_implementation_cmake/cmake)
[0.438s] -- Found rmw_fastrtps_cpp: 6.2.7 (/opt/ros/humble/share/rmw_fastrtps_cpp/cmake)
[0.489s] -- Found OpenSSL: /usr/lib/x86_64-linux-gnu/libcrypto.so (found version "3.0.2")  
[0.504s] -- Found FastRTPS: /opt/ros/humble/include  
[0.527s] -- Using RMW implementation 'rmw_fastrtps_cpp' as default
[0.531s] -- Looking for pthread.h
[0.579s] -- Looking for pthread.h - found
[0.580s] -- Performing Test CMAKE_HAVE_LIBC_PTHREAD
[0.654s] -- Performing Test CMAKE_HAVE_LIBC_PTHREAD - Success
[0.654s] -- Found Threads: TRUE  
[0.680s] -- Found rosidl_default_generators: 1.2.0 (/opt/ros/humble/share/rosidl_default_generators/cmake)
[0.850s] -- Found ament_cmake_ros: 0.10.0 (/opt/ros/humble/share/ament_cmake_ros/cmake)
[1.079s] -- Using all available rosidl_typesupport_c: rosidl_typesupport_fastrtps_c;rosidl_typesupport_introspection_c
[1.159s] -- Using all available rosidl_typesupport_cpp: rosidl_typesupport_fastrtps_cpp;rosidl_typesupport_introspection_cpp
[1.177s] -- Found PythonInterp: /usr/bin/python3 (found suitable version "3.10.12", minimum required is "3.6") 
[1.178s] -- Found python_cmake_module: 0.10.0 (/opt/ros/humble/share/python_cmake_module/cmake)
[1.202s] -- Found PythonLibs: /usr/lib/x86_64-linux-gnu/libpython3.10.so (found suitable version "3.10.12", minimum required is "3.5") 
[1.202s] -- Using PYTHON_EXECUTABLE: /usr/bin/python3
[1.202s] -- Using PYTHON_INCLUDE_DIRS: /usr/include/python3.10
[1.202s] -- Using PYTHON_LIBRARIES: /usr/lib/x86_64-linux-gnu/libpython3.10.so
[1.228s] -- Found PythonExtra: .so  
[1.252s] CMake Deprecation Warning at /opt/ros/humble/share/rosidl_cmake/cmake/rosidl_target_interfaces.cmake:32 (message):
[1.252s]   Use rosidl_get_typesupport_target() and target_link_libraries() instead of
[1.252s]   rosidl_target_interfaces()
[1.252s] Call Stack (most recent call first):
[1.252s]   CMakeLists.txt:32 (rosidl_target_interfaces)
[1.252s] 
[1.252s] 
[1.254s] -- Configuring done
[1.269s] -- Generating done
[1.275s] -- Build files have been written to: /home/xhr/Dog_VMC/Module/imu/build/imu_ros2
[1.281s] Invoked command in '/home/xhr/Dog_VMC/Module/imu/build/imu_ros2' returned '0': CMAKE_PREFIX_PATH=/opt/ros/humble /usr/bin/cmake /home/xhr/Dog_VMC/Module/imu/imu_ros2 -DCMAKE_INSTALL_PREFIX=/home/xhr/Dog_VMC/Module/imu/install/imu_ros2
[1.282s] Invoking command in '/home/xhr/Dog_VMC/Module/imu/build/imu_ros2': CMAKE_PREFIX_PATH=/opt/ros/humble /usr/bin/cmake --build /home/xhr/Dog_VMC/Module/imu/build/imu_ros2 -- -j24 -l24
[1.308s] [  2%] Generating C code for ROS interfaces
[1.316s] [  5%] Building CXX object CMakeFiles/imu_reader_lib.dir/src/crc16.cpp.o
[1.317s] [  7%] Building CXX object CMakeFiles/imu_reader_lib.dir/src/imu_reader.cpp.o
[1.317s] [ 10%] Building CXX object CMakeFiles/imu_reader_lib.dir/src/imu_parser.cpp.o
[1.317s] [ 13%] Building CXX object CMakeFiles/imu_reader_lib.dir/src/serial_port.cpp.o
[1.317s] [ 15%] Generating C++ code for ROS interfaces
[1.323s] In file included from /home/xhr/Dog_VMC/Module/imu/imu_ros2/src/imu_reader.cpp:1:
[1.323s] /home/xhr/Dog_VMC/Module/imu/imu_ros2/include/imu_ros2/imu_reader.h:3:10: fatal error: imu_ros2/imu_parser.h: 没有那个文件或目录
[1.323s]     3 | #include "imu_ros2/imu_parser.h"
[1.323s]       |          ^~~~~~~~~~~~~~~~~~~~~~~
[1.323s] compilation terminated.
[1.323s] [ 15%] Built target ament_cmake_python_copy_imu_ros2
[1.324s] gmake[2]: *** [CMakeFiles/imu_reader_lib.dir/build.make:104：CMakeFiles/imu_reader_lib.dir/src/imu_reader.cpp.o] 错误 1
[1.324s] gmake[2]: *** 正在等待未完成的任务....
[1.429s] gmake[1]: *** [CMakeFiles/Makefile2:594：CMakeFiles/imu_reader_lib.dir/all] 错误 2
[1.429s] gmake[1]: *** 正在等待未完成的任务....
[1.453s] running egg_info
[1.454s] creating imu_ros2.egg-info
[1.454s] writing imu_ros2.egg-info/PKG-INFO
[1.454s] writing dependency_links to imu_ros2.egg-info/dependency_links.txt
[1.454s] writing top-level names to imu_ros2.egg-info/top_level.txt
[1.454s] writing manifest file 'imu_ros2.egg-info/SOURCES.txt'
[1.455s] reading manifest file 'imu_ros2.egg-info/SOURCES.txt'
[1.455s] writing manifest file 'imu_ros2.egg-info/SOURCES.txt'
[1.457s] [ 15%] Built target imu_ros2__cpp
[1.465s] [ 18%] Building C object CMakeFiles/imu_ros2__rosidl_generator_c.dir/rosidl_generator_c/imu_ros2/msg/detail/imu_data__functions.c.o
[1.472s] [ 18%] Built target ament_cmake_python_build_imu_ros2_egg
[1.505s] [ 21%] Linking C shared library libimu_ros2__rosidl_generator_c.so
[1.526s] [ 21%] Built target imu_ros2__rosidl_generator_c
[1.527s] gmake: *** [Makefile:146：all] 错误 2
[1.528s] Invoked command in '/home/xhr/Dog_VMC/Module/imu/build/imu_ros2' returned '2': CMAKE_PREFIX_PATH=/opt/ros/humble /usr/bin/cmake --build /home/xhr/Dog_VMC/Module/imu/build/imu_ros2 -- -j24 -l24
