[0.007s] Invoking command in '/home/rp/Dog_deploy/build/roboparty_imu': CMAKE_PREFIX_PATH=${CMAKE_PREFIX_PATH}:/opt/ros/jazzy CONDA_PROMPT_MODIFIER=(base) DEBUGINFOD_URLS=https://debuginfod.ubuntu.com /usr/bin/cmake /home/rp/Dog_deploy/src/imu/imu_ros2 -DCMAKE_INSTALL_PREFIX=/home/rp/Dog_deploy/install/roboparty_imu
[0.169s] -- The C compiler identification is GNU 13.3.0
[0.269s] -- The CXX compiler identification is GNU 13.3.0
[0.282s] -- Detecting C compiler ABI info
[0.351s] -- Detecting C compiler ABI info - done
[0.357s] -- Check for working C compiler: /usr/bin/cc - skipped
[0.357s] -- Detecting C compile features
[0.357s] -- Detecting C compile features - done
[0.364s] -- Detecting CXX compiler ABI info
[0.427s] -- Detecting CXX compiler ABI info - done
[0.432s] -- Check for working CXX compiler: /usr/bin/c++ - skipped
[0.433s] -- Detecting CXX compile features
[0.433s] -- Detecting CXX compile features - done
[0.437s] -- Found ament_cmake: 2.5.6 (/opt/ros/jazzy/share/ament_cmake/cmake)
[0.520s] -- Found Python3: /home/rp/miniconda3/bin/python3 (found version "3.14.6") found components: Interpreter 
[0.621s] -- Found rclcpp: 28.1.21 (/opt/ros/jazzy/share/rclcpp/cmake)
[0.651s] -- Found rosidl_generator_c: 4.6.9 (/opt/ros/jazzy/share/rosidl_generator_c/cmake)
[0.660s] -- Found rosidl_generator_cpp: 4.6.9 (/opt/ros/jazzy/share/rosidl_generator_cpp/cmake)
[0.673s] -- Using all available rosidl_typesupport_c: rosidl_typesupport_fastrtps_c;rosidl_typesupport_introspection_c
[0.686s] -- Using all available rosidl_typesupport_cpp: rosidl_typesupport_fastrtps_cpp;rosidl_typesupport_introspection_cpp
[0.744s] -- Found rmw_implementation_cmake: 7.3.3 (/opt/ros/jazzy/share/rmw_implementation_cmake/cmake)
[0.746s] -- Found rmw_fastrtps_cpp: 8.4.4 (/opt/ros/jazzy/share/rmw_fastrtps_cpp/cmake)
[0.794s] -- Found OpenSSL: /usr/lib/x86_64-linux-gnu/libcrypto.so (found version "3.0.13")  
[0.809s] -- Found FastRTPS: /opt/ros/jazzy/include (Required is at least version "2.13") 
[0.825s] -- Using RMW implementation 'rmw_fastrtps_cpp' as default
[0.874s] -- Found rosidl_default_generators: 1.6.1 (/opt/ros/jazzy/share/rosidl_default_generators/cmake)
[0.884s] -- Found rosidl_adapter: 4.6.9 (/opt/ros/jazzy/share/rosidl_adapter/cmake)
[0.887s] -- Found std_msgs: 5.3.8 (/opt/ros/jazzy/share/std_msgs/cmake)
[1.018s] [31mCMake Error at /opt/ros/jazzy/share/rosidl_adapter/cmake/rosidl_adapt_interfaces.cmake:57 (message):
[1.018s]   execute_process(/home/rp/miniconda3/bin/python3 -m rosidl_adapter
[1.018s]   --package-name roboparty_imu --arguments-file
[1.018s]   /home/rp/Dog_deploy/build/roboparty_imu/rosidl_adapter__arguments__roboparty_imu.json
[1.018s]   --output-dir
[1.018s]   /home/rp/Dog_deploy/build/roboparty_imu/rosidl_adapter/roboparty_imu
[1.018s]   --output-file
[1.018s]   /home/rp/Dog_deploy/build/roboparty_imu/rosidl_adapter/roboparty_imu.idls)
[1.018s]   returned error code 1:
[1.018s] 
[1.019s]   Traceback (most recent call last):
[1.019s] 
[1.019s]     File "<frozen runpy>", line 203, in _run_module_as_main
[1.019s]     File "<frozen runpy>", line 88, in _run_code
[1.019s]     File "/opt/ros/jazzy/lib/python3.12/site-packages/rosidl_adapter/__main__.py", line 19, in <module>
[1.019s]       sys.exit(main())
[1.019s]                ~~~~^^
[1.019s]     File "/opt/ros/jazzy/lib/python3.12/site-packages/rosidl_adapter/main.py", line 53, in main
[1.019s]       abs_idl_file = convert_to_idl(
[1.019s]           pathlib.Path(basepath), args.package_name,
[1.019s]           pathlib.Path(relative_path), output_dir)
[1.019s]     File "/opt/ros/jazzy/lib/python3.12/site-packages/rosidl_adapter/__init__.py", line 18, in convert_to_idl
[1.019s]       from rosidl_adapter.msg import convert_msg_to_idl
[1.019s]     File "/opt/ros/jazzy/lib/python3.12/site-packages/rosidl_adapter/msg/__init__.py", line 16, in <module>
[1.019s]       from rosidl_adapter.resource import expand_template
[1.019s]     File "/opt/ros/jazzy/lib/python3.12/site-packages/rosidl_adapter/resource/__init__.py", line 19, in <module>
[1.019s]       import em
[1.019s] 
[1.019s]   ModuleNotFoundError: No module named 'em'
[1.019s] 
[1.019s] Call Stack (most recent call first):
[1.019s]   /opt/ros/jazzy/share/rosidl_cmake/cmake/rosidl_generate_interfaces.cmake:132 (rosidl_adapt_interfaces)
[1.019s]   CMakeLists.txt:10 (rosidl_generate_interfaces)
[1.019s] 
[1.019s] [0m
[1.019s] -- Configuring incomplete, errors occurred!
[1.027s] Invoked command in '/home/rp/Dog_deploy/build/roboparty_imu' returned '1': CMAKE_PREFIX_PATH=${CMAKE_PREFIX_PATH}:/opt/ros/jazzy CONDA_PROMPT_MODIFIER=(base) DEBUGINFOD_URLS=https://debuginfod.ubuntu.com /usr/bin/cmake /home/rp/Dog_deploy/src/imu/imu_ros2 -DCMAKE_INSTALL_PREFIX=/home/rp/Dog_deploy/install/roboparty_imu
