[0.006s] Invoking command in '/home/rp/Dog_deploy/build/roboparty_motors': CMAKE_PREFIX_PATH=${CMAKE_PREFIX_PATH}:/opt/ros/jazzy CONDA_PROMPT_MODIFIER=(base) DEBUGINFOD_URLS=https://debuginfod.ubuntu.com /usr/bin/cmake /home/rp/Dog_deploy/src/motors -DCMAKE_INSTALL_PREFIX=/home/rp/Dog_deploy/install/roboparty_motors
[0.165s] -- The C compiler identification is GNU 13.3.0
[0.265s] -- The CXX compiler identification is GNU 13.3.0
[0.278s] -- Detecting C compiler ABI info
[0.347s] -- Detecting C compiler ABI info - done
[0.353s] -- Check for working C compiler: /usr/bin/cc - skipped
[0.353s] -- Detecting C compile features
[0.353s] -- Detecting C compile features - done
[0.360s] -- Detecting CXX compiler ABI info
[0.422s] -- Detecting CXX compiler ABI info - done
[0.427s] -- Check for working CXX compiler: /usr/bin/c++ - skipped
[0.427s] -- Detecting CXX compile features
[0.427s] -- Detecting CXX compile features - done
[0.515s] -- Found Python3: /home/rp/miniconda3/bin/python3 (found version "3.14.6") found components: Interpreter 
[0.627s] -- Found Boost: /usr/lib/x86_64-linux-gnu/cmake/Boost-1.83.0/BoostConfig.cmake (found version "1.83.0") found components: system 
[0.631s] -- Performing Test CMAKE_HAVE_LIBC_PTHREAD
[0.705s] -- Performing Test CMAKE_HAVE_LIBC_PTHREAD - Success
[0.706s] -- Found Threads: TRUE  
[0.840s] -- Found Python3: /home/rp/miniconda3/bin/python3 (found version "3.14.6") found components: Interpreter Development Development.Module Development.Embed 
[0.865s] -- Performing Test HAS_FLTO
[1.026s] -- Performing Test HAS_FLTO - Success
[1.026s] -- Found pybind11: /usr/include (found version "2.11.1")
[1.059s] Traceback (most recent call last):
[1.059s]   File "/opt/ros/jazzy/share/ament_cmake_core/cmake/core/package_xml_2_cmake.py", line 22, in <module>
[1.059s]     from catkin_pkg.package import parse_package_string
[1.059s] ModuleNotFoundError: No module named 'catkin_pkg'
[1.064s] [31mCMake Error at /opt/ros/jazzy/share/ament_cmake_core/cmake/core/ament_package_xml.cmake:95 (message):
[1.064s]   execute_process(/home/rp/miniconda3/bin/python3
[1.064s]   /opt/ros/jazzy/share/ament_cmake_core/cmake/core/package_xml_2_cmake.py
[1.064s]   /home/rp/Dog_deploy/src/motors/package.xml
[1.064s]   /home/rp/Dog_deploy/build/roboparty_motors/ament_cmake_core/package.cmake)
[1.064s]   returned error code 1
[1.064s] Call Stack (most recent call first):
[1.064s]   /opt/ros/jazzy/share/ament_cmake_core/cmake/core/ament_package_xml.cmake:49 (_ament_package_xml)
[1.064s]   /opt/ros/jazzy/share/ament_cmake_core/cmake/core/ament_package.cmake:63 (ament_package_xml)
[1.064s]   CMakeLists.txt:81 (ament_package)
[1.064s] 
[1.064s] [0m
[1.064s] -- Configuring incomplete, errors occurred!
