[ 11%] Built target roboparty_imu__rs
[  9%] Built target roboparty_imu__rosidl_generator_type_description
[ 15%] Built target imu_reader_lib
[ 15%] Built target ament_cmake_python_copy_roboparty_imu
[ 27%] Built target roboparty_imu__cpp
[ 29%] Built target roboparty_imu__rosidl_generator_c
[ 34%] Built target imu_driver
[ 54%] Built target roboparty_imu__rosidl_typesupport_c
[ 54%] Built target roboparty_imu__rosidl_typesupport_introspection_c
[ 54%] Built target roboparty_imu__rosidl_typesupport_cpp
[ 61%] Built target roboparty_imu__rosidl_typesupport_fastrtps_c
[ 68%] Built target roboparty_imu__rosidl_typesupport_introspection_cpp
[ 75%] Built target roboparty_imu__rosidl_typesupport_fastrtps_cpp
[ 75%] Built target roboparty_imu
[ 77%] Built target roboparty_imu__py
[ 79%] [32mBuilding CXX object CMakeFiles/imu_node.dir/src/imu_node.cpp.o[0m
[ 84%] Built target roboparty_imu__rosidl_generator_py
running egg_info
writing roboparty_imu.egg-info/PKG-INFO
writing dependency_links to roboparty_imu.egg-info/dependency_links.txt
writing top-level names to roboparty_imu.egg-info/top_level.txt
[ 97%] Built target roboparty_imu_s__rosidl_typesupport_fastrtps_c
[ 97%] Built target roboparty_imu_s__rosidl_typesupport_c
[ 97%] Built target roboparty_imu_s__rosidl_typesupport_introspection_c
reading manifest file 'roboparty_imu.egg-info/SOURCES.txt'
writing manifest file 'roboparty_imu.egg-info/SOURCES.txt'
[ 97%] Built target ament_cmake_python_build_roboparty_imu_egg
[01m[K/home/rp/Dog_deploy/src/imu/imu_ros2/src/imu_node.cpp:11:10:[m[K [01;31m[Kfatal error: [m[Kroboparty_imu/msg/imudata.hpp: 没有那个文件或目录
   11 | #include [01;31m[K<roboparty_imu/msg/imudata.hpp>[m[K
      |          [01;31m[K^~~~~~~~~~~~~~~~~~~~~~~~~~~~~~~[m[K
compilation terminated.
gmake[2]: *** [CMakeFiles/imu_node.dir/build.make:76：CMakeFiles/imu_node.dir/src/imu_node.cpp.o] 错误 1
gmake[1]: *** [CMakeFiles/Makefile2:676：CMakeFiles/imu_node.dir/all] 错误 2
gmake: *** [Makefile:146：all] 错误 2
