[0.005s] Invoking command in '/home/rp/Dog_deploy/build/roboparty_imu': CONDA_PROMPT_MODIFIER=(env_isaaclab) DEBUGINFOD_URLS=https://debuginfod.ubuntu.com /usr/bin/cmake --build /home/rp/Dog_deploy/build/roboparty_imu -- -j14 -l14
[0.044s] [ 11%] Built target roboparty_imu__rs
[0.044s] [  9%] Built target roboparty_imu__rosidl_generator_type_description
[0.044s] [ 15%] Built target imu_reader_lib
[0.050s] [ 15%] Built target ament_cmake_python_copy_roboparty_imu
[0.057s] [ 27%] Built target roboparty_imu__cpp
[0.057s] [ 29%] Built target roboparty_imu__rosidl_generator_c
[0.057s] [ 34%] Built target imu_driver
[0.071s] [ 54%] Built target roboparty_imu__rosidl_typesupport_c
[0.071s] [ 54%] Built target roboparty_imu__rosidl_typesupport_introspection_c
[0.071s] [ 54%] Built target roboparty_imu__rosidl_typesupport_cpp
[0.071s] [ 61%] Built target roboparty_imu__rosidl_typesupport_fastrtps_c
[0.074s] [ 68%] Built target roboparty_imu__rosidl_typesupport_introspection_cpp
[0.087s] [ 75%] Built target roboparty_imu__rosidl_typesupport_fastrtps_cpp
[0.103s] [ 75%] Built target roboparty_imu
[0.119s] [ 77%] Built target roboparty_imu__py
[0.120s] [ 79%] [32mBuilding CXX object CMakeFiles/imu_node.dir/src/imu_node.cpp.o[0m
[0.135s] [ 84%] Built target roboparty_imu__rosidl_generator_py
[0.147s] running egg_info
[0.149s] writing roboparty_imu.egg-info/PKG-INFO
[0.150s] writing dependency_links to roboparty_imu.egg-info/dependency_links.txt
[0.150s] writing top-level names to roboparty_imu.egg-info/top_level.txt
[0.151s] [ 97%] Built target roboparty_imu_s__rosidl_typesupport_fastrtps_c
[0.151s] [ 97%] Built target roboparty_imu_s__rosidl_typesupport_c
[0.151s] [ 97%] Built target roboparty_imu_s__rosidl_typesupport_introspection_c
[0.159s] reading manifest file 'roboparty_imu.egg-info/SOURCES.txt'
[0.160s] writing manifest file 'roboparty_imu.egg-info/SOURCES.txt'
[0.183s] [ 97%] Built target ament_cmake_python_build_roboparty_imu_egg
[0.229s] [01m[K/home/rp/Dog_deploy/src/imu/imu_ros2/src/imu_node.cpp:11:10:[m[K [01;31m[Kfatal error: [m[Kroboparty_imu/msg/imudata.hpp: 没有那个文件或目录
[0.229s]    11 | #include [01;31m[K<roboparty_imu/msg/imudata.hpp>[m[K
[0.229s]       |          [01;31m[K^~~~~~~~~~~~~~~~~~~~~~~~~~~~~~~[m[K
[0.229s] compilation terminated.
[0.231s] gmake[2]: *** [CMakeFiles/imu_node.dir/build.make:76：CMakeFiles/imu_node.dir/src/imu_node.cpp.o] 错误 1
[0.231s] gmake[1]: *** [CMakeFiles/Makefile2:676：CMakeFiles/imu_node.dir/all] 错误 2
[0.231s] gmake: *** [Makefile:146：all] 错误 2
[0.234s] Invoked command in '/home/rp/Dog_deploy/build/roboparty_imu' returned '2': CONDA_PROMPT_MODIFIER=(env_isaaclab) DEBUGINFOD_URLS=https://debuginfod.ubuntu.com /usr/bin/cmake --build /home/rp/Dog_deploy/build/roboparty_imu -- -j14 -l14
