[0.007s] Invoking command in '/home/rp/Dog_deploy/build/roboparty_motors': CMAKE_PREFIX_PATH=${CMAKE_PREFIX_PATH}:/opt/ros/jazzy CONDA_PROMPT_MODIFIER=(base) DEBUGINFOD_URLS=https://debuginfod.ubuntu.com /usr/bin/cmake /home/rp/Dog_deploy/src/motors -DCMAKE_INSTALL_PREFIX=/home/rp/Dog_deploy/install/roboparty_motors
[0.101s] -- Found Python3: /home/rp/miniconda3/bin/python3 (found version "3.14.6") found components: Interpreter 
[0.245s] -- Found Python3: /home/rp/miniconda3/bin/python3 (found version "3.14.6") found components: Interpreter Development Development.Module Development.Embed 
[0.248s] -- Found pybind11: /usr/include (found version "2.11.1")
[0.277s] Traceback (most recent call last):
[0.278s]   File "/opt/ros/jazzy/share/ament_cmake_core/cmake/core/package_xml_2_cmake.py", line 22, in <module>
[0.278s]     from catkin_pkg.package import parse_package_string
[0.278s] ModuleNotFoundError: No module named 'catkin_pkg'
[0.282s] [31mCMake Error at /opt/ros/jazzy/share/ament_cmake_core/cmake/core/ament_package_xml.cmake:95 (message):
[0.282s]   execute_process(/home/rp/miniconda3/bin/python3
[0.282s]   /opt/ros/jazzy/share/ament_cmake_core/cmake/core/package_xml_2_cmake.py
[0.282s]   /home/rp/Dog_deploy/src/motors/package.xml
[0.282s]   /home/rp/Dog_deploy/build/roboparty_motors/ament_cmake_core/package.cmake)
[0.282s]   returned error code 1
[0.282s] Call Stack (most recent call first):
[0.282s]   /opt/ros/jazzy/share/ament_cmake_core/cmake/core/ament_package_xml.cmake:49 (_ament_package_xml)
[0.282s]   /opt/ros/jazzy/share/ament_cmake_core/cmake/core/ament_package.cmake:63 (ament_package_xml)
[0.282s]   CMakeLists.txt:81 (ament_package)
[0.282s] 
[0.282s] [0m
[0.283s] -- Configuring incomplete, errors occurred!
[0.288s] Invoked command in '/home/rp/Dog_deploy/build/roboparty_motors' returned '1': CMAKE_PREFIX_PATH=${CMAKE_PREFIX_PATH}:/opt/ros/jazzy CONDA_PROMPT_MODIFIER=(base) DEBUGINFOD_URLS=https://debuginfod.ubuntu.com /usr/bin/cmake /home/rp/Dog_deploy/src/motors -DCMAKE_INSTALL_PREFIX=/home/rp/Dog_deploy/install/roboparty_motors
