[  6%] [34m[1mGenerating Rust code for ROS interfaces[0m
[  6%] [32mBuilding CXX object CMakeFiles/imu_reader_lib.dir/src/serial_port.cpp.o[0m
[  6%] [34m[1mGenerating type hashes for ROS interfaces[0m
[ 11%] [32mBuilding CXX object CMakeFiles/imu_reader_lib.dir/src/imu_reader.cpp.o[0m
[ 11%] [32mBuilding CXX object CMakeFiles/imu_reader_lib.dir/src/imu_parser.cpp.o[0m
[ 13%] [32mBuilding CXX object CMakeFiles/imu_reader_lib.dir/src/crc16.cpp.o[0m
[ 13%] Built target ament_cmake_python_copy_roboparty_imu
[ 13%] Built target roboparty_imu__rosidl_generator_type_description
[ 15%] [34m[1mGenerating C code for ROS interfaces[0m
[ 18%] [34m[1mGenerating C++ code for ROS interfaces[0m
[ 18%] Built target roboparty_imu__rs
[ 20%] [32m[1mLinking CXX static library libimu_reader_lib.a[0m
[ 20%] Built target imu_reader_lib
running egg_info
creating roboparty_imu.egg-info
[ 22%] [32mBuilding CXX object CMakeFiles/imu_driver.dir/src/imu_driver.cpp.o[0m
writing roboparty_imu.egg-info/PKG-INFO
writing dependency_links to roboparty_imu.egg-info/dependency_links.txt
writing top-level names to roboparty_imu.egg-info/top_level.txt
writing manifest file 'roboparty_imu.egg-info/SOURCES.txt'
reading manifest file 'roboparty_imu.egg-info/SOURCES.txt'
writing manifest file 'roboparty_imu.egg-info/SOURCES.txt'
[ 22%] Built target ament_cmake_python_build_roboparty_imu_egg
[ 22%] Built target roboparty_imu__cpp
[ 29%] [32mBuilding C object CMakeFiles/roboparty_imu__rosidl_generator_c.dir/rosidl_generator_c/roboparty_imu/msg/detail/imu_data__description.c.o[0m
[ 29%] [32mBuilding C object CMakeFiles/roboparty_imu__rosidl_generator_c.dir/rosidl_generator_c/roboparty_imu/msg/detail/imu_data__type_support.c.o[0m
[ 29%] [32mBuilding C object CMakeFiles/roboparty_imu__rosidl_generator_c.dir/rosidl_generator_c/roboparty_imu/msg/detail/imu_data__functions.c.o[0m
[ 31%] [32m[1mLinking C shared library libroboparty_imu__rosidl_generator_c.so[0m
[ 31%] Built target roboparty_imu__rosidl_generator_c
