[  6%] [34m[1mGenerating Rust code for ROS interfaces[0m
[  6%] [32mBuilding CXX object CMakeFiles/imu_reader_lib.dir/src/serial_port.cpp.o[0m
[  6%] [34m[1mGenerating type hashes for ROS interfaces[0m
[ 11%] [32mBuilding CXX object CMakeFiles/imu_reader_lib.dir/src/imu_reader.cpp.o[0m
[ 11%] [32mBuilding CXX object CMakeFiles/imu_reader_lib.dir/src/imu_parser.cpp.o[0m
[ 13%] [32mBuilding CXX object CMakeFiles/imu_reader_lib.dir/src/crc16.cpp.o[0m
[ 13%] Built target ament_cmake_python_copy_roboparty_imu
[ 13%] Built target roboparty_imu__rosidl_generator_type_description
[ 15%] [34m[1mGenerating C code for ROS interfaces[0m
[ 18%] [34m[1mGenerating C++ code for ROS interfaces[0m
[ 18%] Built target roboparty_imu__rs
[ 20%] [32m[1mLinking CXX static library libimu_reader_lib.a[0m
[ 20%] Built target imu_reader_lib
running egg_info
creating roboparty_imu.egg-info
[ 22%] [32mBuilding CXX object CMakeFiles/imu_driver.dir/src/imu_driver.cpp.o[0m
writing roboparty_imu.egg-info/PKG-INFO
writing dependency_links to roboparty_imu.egg-info/dependency_links.txt
writing top-level names to roboparty_imu.egg-info/top_level.txt
writing manifest file 'roboparty_imu.egg-info/SOURCES.txt'
[01m[K/home/rp/Dog_deploy/src/imu/imu_ros2/src/imu_driver.cpp:4:10:[m[K [01;31m[Kfatal error: [m[Kimu_ros2/imu_driver.hpp: 没有那个文件或目录
    4 | #include [01;31m[K"imu_ros2/imu_driver.hpp"[m[K
      |          [01;31m[K^~~~~~~~~~~~~~~~~~~~~~~~~[m[K
compilation terminated.
gmake[2]: *** [CMakeFiles/imu_driver.dir/build.make:76：CMakeFiles/imu_driver.dir/src/imu_driver.cpp.o] 错误 1
gmake[1]: *** [CMakeFiles/Makefile2:702：CMakeFiles/imu_driver.dir/all] 错误 2
gmake[1]: *** 正在等待未完成的任务....
reading manifest file 'roboparty_imu.egg-info/SOURCES.txt'
writing manifest file 'roboparty_imu.egg-info/SOURCES.txt'
[ 22%] Built target ament_cmake_python_build_roboparty_imu_egg
[ 22%] Built target roboparty_imu__cpp
[ 29%] [32mBuilding C object CMakeFiles/roboparty_imu__rosidl_generator_c.dir/rosidl_generator_c/roboparty_imu/msg/detail/imu_data__description.c.o[0m
[ 29%] [32mBuilding C object CMakeFiles/roboparty_imu__rosidl_generator_c.dir/rosidl_generator_c/roboparty_imu/msg/detail/imu_data__type_support.c.o[0m
[ 29%] [32mBuilding C object CMakeFiles/roboparty_imu__rosidl_generator_c.dir/rosidl_generator_c/roboparty_imu/msg/detail/imu_data__functions.c.o[0m
[ 31%] [32m[1mLinking C shared library libroboparty_imu__rosidl_generator_c.so[0m
[ 31%] Built target roboparty_imu__rosidl_generator_c
gmake: *** [Makefile:146：all] 错误 2
