Consolidate compiler generated dependencies of target imu_ros2__rosidl_generator_c
Consolidate compiler generated dependencies of target imu_reader_lib
[  2%] Built target imu_ros2__cpp
[ 10%] Built target imu_ros2__rosidl_generator_c
[ 10%] Built target ament_cmake_python_copy_imu_ros2
[ 13%] Building CXX object CMakeFiles/imu_reader_lib.dir/src/imu_reader.cpp.o
[ 15%] Generating C++ introspection for ROS interfaces
[ 18%] Generating C++ type support dispatch for ROS interfaces
[ 21%] Generating C++ type support for eProsima Fast-RTPS
[ 23%] Generating C type support dispatch for ROS interfaces
[ 26%] Generating C type support for eProsima Fast-RTPS
[ 28%] Generating C introspection for ROS interfaces
[ 31%] Building CXX object CMakeFiles/imu_ros2__rosidl_typesupport_cpp.dir/rosidl_typesupport_cpp/imu_ros2/msg/imu_data__type_support.cpp.o
running egg_info
writing imu_ros2.egg-info/PKG-INFO
writing dependency_links to imu_ros2.egg-info/dependency_links.txt
writing top-level names to imu_ros2.egg-info/top_level.txt
reading manifest file 'imu_ros2.egg-info/SOURCES.txt'
writing manifest file 'imu_ros2.egg-info/SOURCES.txt'
[ 34%] Building CXX object CMakeFiles/imu_ros2__rosidl_typesupport_introspection_cpp.dir/rosidl_typesupport_introspection_cpp/imu_ros2/msg/detail/imu_data__type_support.cpp.o
[ 36%] Building C object CMakeFiles/imu_ros2__rosidl_typesupport_introspection_c.dir/rosidl_typesupport_introspection_c/imu_ros2/msg/detail/imu_data__type_support.c.o
[ 36%] Built target ament_cmake_python_build_imu_ros2_egg
[ 39%] Building CXX object CMakeFiles/imu_ros2__rosidl_typesupport_fastrtps_cpp.dir/rosidl_typesupport_fastrtps_cpp/imu_ros2/msg/detail/dds_fastrtps/imu_data__type_support.cpp.o
[ 42%] Building CXX object CMakeFiles/imu_ros2__rosidl_typesupport_fastrtps_c.dir/rosidl_typesupport_fastrtps_c/imu_ros2/msg/detail/imu_data__type_support_c.cpp.o
[ 44%] Building CXX object CMakeFiles/imu_ros2__rosidl_typesupport_c.dir/rosidl_typesupport_c/imu_ros2/msg/imu_data__type_support.cpp.o
[ 47%] Linking C shared library libimu_ros2__rosidl_typesupport_introspection_c.so
[ 50%] Linking CXX shared library libimu_ros2__rosidl_typesupport_c.so
[ 50%] Built target imu_ros2__rosidl_typesupport_introspection_c
[ 52%] Linking CXX static library libimu_reader_lib.a
[ 52%] Built target imu_ros2__rosidl_typesupport_c
[ 60%] Built target imu_reader_lib
[ 63%] Linking CXX shared library libimu_ros2__rosidl_typesupport_cpp.so
[ 63%] Built target imu_ros2__rosidl_typesupport_cpp
[ 65%] Linking CXX shared library libimu_ros2__rosidl_typesupport_fastrtps_c.so
[ 68%] Linking CXX shared library libimu_ros2__rosidl_typesupport_introspection_cpp.so
[ 71%] Linking CXX shared library libimu_ros2__rosidl_typesupport_fastrtps_cpp.so
[ 71%] Built target imu_ros2__rosidl_typesupport_introspection_cpp
[ 71%] Built target imu_ros2__rosidl_typesupport_fastrtps_c
[ 71%] Built target imu_ros2__rosidl_typesupport_fastrtps_cpp
[ 71%] Built target imu_ros2
[ 73%] Generating Python code for ROS interfaces
[ 76%] Building CXX object CMakeFiles/imu_node.dir/src/imu_node.cpp.o
[ 76%] Built target imu_ros2__py
[ 78%] Building C object CMakeFiles/imu_ros2__rosidl_generator_py.dir/rosidl_generator_py/imu_ros2/msg/_imu_data_s.c.o
[ 81%] Linking C shared library rosidl_generator_py/imu_ros2/libimu_ros2__rosidl_generator_py.so
[ 81%] Built target imu_ros2__rosidl_generator_py
[ 86%] Building C object CMakeFiles/imu_ros2__rosidl_typesupport_introspection_c__pyext.dir/rosidl_generator_py/imu_ros2/_imu_ros2_s.ep.rosidl_typesupport_introspection_c.c.o
[ 86%] Building C object CMakeFiles/imu_ros2__rosidl_typesupport_c__pyext.dir/rosidl_generator_py/imu_ros2/_imu_ros2_s.ep.rosidl_typesupport_c.c.o
[ 89%] Building C object CMakeFiles/imu_ros2__rosidl_typesupport_fastrtps_c__pyext.dir/rosidl_generator_py/imu_ros2/_imu_ros2_s.ep.rosidl_typesupport_fastrtps_c.c.o
[ 94%] Linking C shared library rosidl_generator_py/imu_ros2/imu_ros2_s__rosidl_typesupport_introspection_c.cpython-310-x86_64-linux-gnu.so
[ 94%] Linking C shared library rosidl_generator_py/imu_ros2/imu_ros2_s__rosidl_typesupport_c.cpython-310-x86_64-linux-gnu.so
[ 97%] Linking C shared library rosidl_generator_py/imu_ros2/imu_ros2_s__rosidl_typesupport_fastrtps_c.cpython-310-x86_64-linux-gnu.so
[ 97%] Built target imu_ros2__rosidl_typesupport_c__pyext
[ 97%] Built target imu_ros2__rosidl_typesupport_introspection_c__pyext
[ 97%] Built target imu_ros2__rosidl_typesupport_fastrtps_c__pyext
[100%] Linking CXX executable imu_node
[100%] Built target imu_node
-- Install configuration: ""
-- Installing: /home/xhr/Dog_VMC/Module/imu/install/imu_ros2/share/ament_index/resource_index/rosidl_interfaces/imu_ros2
-- Installing: /home/xhr/Dog_VMC/Module/imu/install/imu_ros2/include/imu_ros2/imu_ros2
-- Installing: /home/xhr/Dog_VMC/Module/imu/install/imu_ros2/include/imu_ros2/imu_ros2/msg
-- Installing: /home/xhr/Dog_VMC/Module/imu/install/imu_ros2/include/imu_ros2/imu_ros2/msg/rosidl_generator_c__visibility_control.h
-- Installing: /home/xhr/Dog_VMC/Module/imu/install/imu_ros2/include/imu_ros2/imu_ros2/msg/imu_data.h
-- Installing: /home/xhr/Dog_VMC/Module/imu/install/imu_ros2/include/imu_ros2/imu_ros2/msg/detail
-- Installing: /home/xhr/Dog_VMC/Module/imu/install/imu_ros2/include/imu_ros2/imu_ros2/msg/detail/imu_data__functions.c
-- Installing: /home/xhr/Dog_VMC/Module/imu/install/imu_ros2/include/imu_ros2/imu_ros2/msg/detail/imu_data__type_support.h
-- Installing: /home/xhr/Dog_VMC/Module/imu/install/imu_ros2/include/imu_ros2/imu_ros2/msg/detail/imu_data__struct.h
-- Installing: /home/xhr/Dog_VMC/Module/imu/install/imu_ros2/include/imu_ros2/imu_ros2/msg/detail/imu_data__functions.h
-- Installing: /home/xhr/Dog_VMC/Module/imu/install/imu_ros2/share/imu_ros2/environment/library_path.sh
-- Installing: /home/xhr/Dog_VMC/Module/imu/install/imu_ros2/share/imu_ros2/environment/library_path.dsv
-- Installing: /home/xhr/Dog_VMC/Module/imu/install/imu_ros2/lib/libimu_ros2__rosidl_generator_c.so
-- Set runtime path of "/home/xhr/Dog_VMC/Module/imu/install/imu_ros2/lib/libimu_ros2__rosidl_generator_c.so" to ""
-- Up-to-date: /home/xhr/Dog_VMC/Module/imu/install/imu_ros2/include/imu_ros2/imu_ros2
-- Up-to-date: /home/xhr/Dog_VMC/Module/imu/install/imu_ros2/include/imu_ros2/imu_ros2/msg
-- Installing: /home/xhr/Dog_VMC/Module/imu/install/imu_ros2/include/imu_ros2/imu_ros2/msg/rosidl_typesupport_fastrtps_c__visibility_control.h
-- Up-to-date: /home/xhr/Dog_VMC/Module/imu/install/imu_ros2/include/imu_ros2/imu_ros2/msg/detail
-- Installing: /home/xhr/Dog_VMC/Module/imu/install/imu_ros2/include/imu_ros2/imu_ros2/msg/detail/imu_data__rosidl_typesupport_fastrtps_c.h
-- Installing: /home/xhr/Dog_VMC/Module/imu/install/imu_ros2/lib/libimu_ros2__rosidl_typesupport_fastrtps_c.so
-- Set runtime path of "/home/xhr/Dog_VMC/Module/imu/install/imu_ros2/lib/libimu_ros2__rosidl_typesupport_fastrtps_c.so" to ""
-- Up-to-date: /home/xhr/Dog_VMC/Module/imu/install/imu_ros2/include/imu_ros2/imu_ros2
-- Up-to-date: /home/xhr/Dog_VMC/Module/imu/install/imu_ros2/include/imu_ros2/imu_ros2/msg
-- Up-to-date: /home/xhr/Dog_VMC/Module/imu/install/imu_ros2/include/imu_ros2/imu_ros2/msg/detail
-- Installing: /home/xhr/Dog_VMC/Module/imu/install/imu_ros2/include/imu_ros2/imu_ros2/msg/detail/imu_data__struct.hpp
-- Installing: /home/xhr/Dog_VMC/Module/imu/install/imu_ros2/include/imu_ros2/imu_ros2/msg/detail/imu_data__builder.hpp
-- Installing: /home/xhr/Dog_VMC/Module/imu/install/imu_ros2/include/imu_ros2/imu_ros2/msg/detail/imu_data__type_support.hpp
-- Installing: /home/xhr/Dog_VMC/Module/imu/install/imu_ros2/include/imu_ros2/imu_ros2/msg/detail/imu_data__traits.hpp
-- Installing: /home/xhr/Dog_VMC/Module/imu/install/imu_ros2/include/imu_ros2/imu_ros2/msg/imu_data.hpp
-- Installing: /home/xhr/Dog_VMC/Module/imu/install/imu_ros2/include/imu_ros2/imu_ros2/msg/rosidl_generator_cpp__visibility_control.hpp
-- Up-to-date: /home/xhr/Dog_VMC/Module/imu/install/imu_ros2/include/imu_ros2/imu_ros2
-- Up-to-date: /home/xhr/Dog_VMC/Module/imu/install/imu_ros2/include/imu_ros2/imu_ros2/msg
-- Installing: /home/xhr/Dog_VMC/Module/imu/install/imu_ros2/include/imu_ros2/imu_ros2/msg/rosidl_typesupport_fastrtps_cpp__visibility_control.h
-- Up-to-date: /home/xhr/Dog_VMC/Module/imu/install/imu_ros2/include/imu_ros2/imu_ros2/msg/detail
-- Installing: /home/xhr/Dog_VMC/Module/imu/install/imu_ros2/include/imu_ros2/imu_ros2/msg/detail/dds_fastrtps
-- Installing: /home/xhr/Dog_VMC/Module/imu/install/imu_ros2/include/imu_ros2/imu_ros2/msg/detail/imu_data__rosidl_typesupport_fastrtps_cpp.hpp
-- Installing: /home/xhr/Dog_VMC/Module/imu/install/imu_ros2/lib/libimu_ros2__rosidl_typesupport_fastrtps_cpp.so
-- Set runtime path of "/home/xhr/Dog_VMC/Module/imu/install/imu_ros2/lib/libimu_ros2__rosidl_typesupport_fastrtps_cpp.so" to ""
-- Up-to-date: /home/xhr/Dog_VMC/Module/imu/install/imu_ros2/include/imu_ros2/imu_ros2
-- Up-to-date: /home/xhr/Dog_VMC/Module/imu/install/imu_ros2/include/imu_ros2/imu_ros2/msg
-- Installing: /home/xhr/Dog_VMC/Module/imu/install/imu_ros2/include/imu_ros2/imu_ros2/msg/rosidl_typesupport_introspection_c__visibility_control.h
-- Up-to-date: /home/xhr/Dog_VMC/Module/imu/install/imu_ros2/include/imu_ros2/imu_ros2/msg/detail
-- Installing: /home/xhr/Dog_VMC/Module/imu/install/imu_ros2/include/imu_ros2/imu_ros2/msg/detail/imu_data__rosidl_typesupport_introspection_c.h
-- Installing: /home/xhr/Dog_VMC/Module/imu/install/imu_ros2/include/imu_ros2/imu_ros2/msg/detail/imu_data__type_support.c
-- Installing: /home/xhr/Dog_VMC/Module/imu/install/imu_ros2/lib/libimu_ros2__rosidl_typesupport_introspection_c.so
-- Set runtime path of "/home/xhr/Dog_VMC/Module/imu/install/imu_ros2/lib/libimu_ros2__rosidl_typesupport_introspection_c.so" to ""
-- Installing: /home/xhr/Dog_VMC/Module/imu/install/imu_ros2/lib/libimu_ros2__rosidl_typesupport_c.so
-- Set runtime path of "/home/xhr/Dog_VMC/Module/imu/install/imu_ros2/lib/libimu_ros2__rosidl_typesupport_c.so" to ""
-- Up-to-date: /home/xhr/Dog_VMC/Module/imu/install/imu_ros2/include/imu_ros2/imu_ros2
-- Up-to-date: /home/xhr/Dog_VMC/Module/imu/install/imu_ros2/include/imu_ros2/imu_ros2/msg
-- Up-to-date: /home/xhr/Dog_VMC/Module/imu/install/imu_ros2/include/imu_ros2/imu_ros2/msg/detail
-- Installing: /home/xhr/Dog_VMC/Module/imu/install/imu_ros2/include/imu_ros2/imu_ros2/msg/detail/imu_data__type_support.cpp
-- Installing: /home/xhr/Dog_VMC/Module/imu/install/imu_ros2/include/imu_ros2/imu_ros2/msg/detail/imu_data__rosidl_typesupport_introspection_cpp.hpp
-- Installing: /home/xhr/Dog_VMC/Module/imu/install/imu_ros2/lib/libimu_ros2__rosidl_typesupport_introspection_cpp.so
-- Set runtime path of "/home/xhr/Dog_VMC/Module/imu/install/imu_ros2/lib/libimu_ros2__rosidl_typesupport_introspection_cpp.so" to ""
-- Installing: /home/xhr/Dog_VMC/Module/imu/install/imu_ros2/lib/libimu_ros2__rosidl_typesupport_cpp.so
-- Set runtime path of "/home/xhr/Dog_VMC/Module/imu/install/imu_ros2/lib/libimu_ros2__rosidl_typesupport_cpp.so" to ""
-- Installing: /home/xhr/Dog_VMC/Module/imu/install/imu_ros2/share/imu_ros2/environment/pythonpath.sh
-- Installing: /home/xhr/Dog_VMC/Module/imu/install/imu_ros2/share/imu_ros2/environment/pythonpath.dsv
-- Installing: /home/xhr/Dog_VMC/Module/imu/install/imu_ros2/local/lib/python3.10/dist-packages/imu_ros2-0.1.0-py3.10.egg-info
-- Installing: /home/xhr/Dog_VMC/Module/imu/install/imu_ros2/local/lib/python3.10/dist-packages/imu_ros2-0.1.0-py3.10.egg-info/SOURCES.txt
-- Installing: /home/xhr/Dog_VMC/Module/imu/install/imu_ros2/local/lib/python3.10/dist-packages/imu_ros2-0.1.0-py3.10.egg-info/dependency_links.txt
-- Installing: /home/xhr/Dog_VMC/Module/imu/install/imu_ros2/local/lib/python3.10/dist-packages/imu_ros2-0.1.0-py3.10.egg-info/PKG-INFO
-- Installing: /home/xhr/Dog_VMC/Module/imu/install/imu_ros2/local/lib/python3.10/dist-packages/imu_ros2-0.1.0-py3.10.egg-info/top_level.txt
-- Installing: /home/xhr/Dog_VMC/Module/imu/install/imu_ros2/local/lib/python3.10/dist-packages/imu_ros2
-- Installing: /home/xhr/Dog_VMC/Module/imu/install/imu_ros2/local/lib/python3.10/dist-packages/imu_ros2/imu_ros2_s__rosidl_typesupport_c.cpython-310-x86_64-linux-gnu.so
-- Installing: /home/xhr/Dog_VMC/Module/imu/install/imu_ros2/local/lib/python3.10/dist-packages/imu_ros2/imu_ros2_s__rosidl_typesupport_introspection_c.cpython-310-x86_64-linux-gnu.so
-- Installing: /home/xhr/Dog_VMC/Module/imu/install/imu_ros2/local/lib/python3.10/dist-packages/imu_ros2/_imu_ros2_s.ep.rosidl_typesupport_fastrtps_c.c
-- Installing: /home/xhr/Dog_VMC/Module/imu/install/imu_ros2/local/lib/python3.10/dist-packages/imu_ros2/msg
-- Installing: /home/xhr/Dog_VMC/Module/imu/install/imu_ros2/local/lib/python3.10/dist-packages/imu_ros2/msg/_imu_data_s.c
-- Installing: /home/xhr/Dog_VMC/Module/imu/install/imu_ros2/local/lib/python3.10/dist-packages/imu_ros2/msg/_imu_data.py
-- Installing: /home/xhr/Dog_VMC/Module/imu/install/imu_ros2/local/lib/python3.10/dist-packages/imu_ros2/msg/__init__.py
-- Installing: /home/xhr/Dog_VMC/Module/imu/install/imu_ros2/local/lib/python3.10/dist-packages/imu_ros2/_imu_ros2_s.ep.rosidl_typesupport_introspection_c.c
-- Installing: /home/xhr/Dog_VMC/Module/imu/install/imu_ros2/local/lib/python3.10/dist-packages/imu_ros2/__init__.py
-- Installing: /home/xhr/Dog_VMC/Module/imu/install/imu_ros2/local/lib/python3.10/dist-packages/imu_ros2/imu_ros2_s__rosidl_typesupport_fastrtps_c.cpython-310-x86_64-linux-gnu.so
-- Installing: /home/xhr/Dog_VMC/Module/imu/install/imu_ros2/local/lib/python3.10/dist-packages/imu_ros2/libimu_ros2__rosidl_generator_py.so
-- Installing: /home/xhr/Dog_VMC/Module/imu/install/imu_ros2/local/lib/python3.10/dist-packages/imu_ros2/_imu_ros2_s.ep.rosidl_typesupport_c.c
Listing '/home/xhr/Dog_VMC/Module/imu/install/imu_ros2/local/lib/python3.10/dist-packages/imu_ros2'...
Compiling '/home/xhr/Dog_VMC/Module/imu/install/imu_ros2/local/lib/python3.10/dist-packages/imu_ros2/__init__.py'...
Listing '/home/xhr/Dog_VMC/Module/imu/install/imu_ros2/local/lib/python3.10/dist-packages/imu_ros2/msg'...
Compiling '/home/xhr/Dog_VMC/Module/imu/install/imu_ros2/local/lib/python3.10/dist-packages/imu_ros2/msg/__init__.py'...
Compiling '/home/xhr/Dog_VMC/Module/imu/install/imu_ros2/local/lib/python3.10/dist-packages/imu_ros2/msg/_imu_data.py'...
-- Installing: /home/xhr/Dog_VMC/Module/imu/install/imu_ros2/local/lib/python3.10/dist-packages/imu_ros2/imu_ros2_s__rosidl_typesupport_fastrtps_c.cpython-310-x86_64-linux-gnu.so
-- Set runtime path of "/home/xhr/Dog_VMC/Module/imu/install/imu_ros2/local/lib/python3.10/dist-packages/imu_ros2/imu_ros2_s__rosidl_typesupport_fastrtps_c.cpython-310-x86_64-linux-gnu.so" to ""
-- Installing: /home/xhr/Dog_VMC/Module/imu/install/imu_ros2/local/lib/python3.10/dist-packages/imu_ros2/imu_ros2_s__rosidl_typesupport_introspection_c.cpython-310-x86_64-linux-gnu.so
-- Set runtime path of "/home/xhr/Dog_VMC/Module/imu/install/imu_ros2/local/lib/python3.10/dist-packages/imu_ros2/imu_ros2_s__rosidl_typesupport_introspection_c.cpython-310-x86_64-linux-gnu.so" to ""
-- Installing: /home/xhr/Dog_VMC/Module/imu/install/imu_ros2/local/lib/python3.10/dist-packages/imu_ros2/imu_ros2_s__rosidl_typesupport_c.cpython-310-x86_64-linux-gnu.so
-- Set runtime path of "/home/xhr/Dog_VMC/Module/imu/install/imu_ros2/local/lib/python3.10/dist-packages/imu_ros2/imu_ros2_s__rosidl_typesupport_c.cpython-310-x86_64-linux-gnu.so" to ""
-- Installing: /home/xhr/Dog_VMC/Module/imu/install/imu_ros2/lib/libimu_ros2__rosidl_generator_py.so
-- Set runtime path of "/home/xhr/Dog_VMC/Module/imu/install/imu_ros2/lib/libimu_ros2__rosidl_generator_py.so" to ""
-- Installing: /home/xhr/Dog_VMC/Module/imu/install/imu_ros2/share/imu_ros2/msg/IMUData.idl
-- Installing: /home/xhr/Dog_VMC/Module/imu/install/imu_ros2/share/imu_ros2/msg/IMUData.msg
-- Installing: /home/xhr/Dog_VMC/Module/imu/install/imu_ros2/lib/imu_ros2/imu_node
-- Set runtime path of "/home/xhr/Dog_VMC/Module/imu/install/imu_ros2/lib/imu_ros2/imu_node" to ""
-- Installing: /home/xhr/Dog_VMC/Module/imu/install/imu_ros2/share/ament_index/resource_index/package_run_dependencies/imu_ros2
-- Installing: /home/xhr/Dog_VMC/Module/imu/install/imu_ros2/share/ament_index/resource_index/parent_prefix_path/imu_ros2
-- Installing: /home/xhr/Dog_VMC/Module/imu/install/imu_ros2/share/imu_ros2/environment/ament_prefix_path.sh
-- Installing: /home/xhr/Dog_VMC/Module/imu/install/imu_ros2/share/imu_ros2/environment/ament_prefix_path.dsv
-- Installing: /home/xhr/Dog_VMC/Module/imu/install/imu_ros2/share/imu_ros2/environment/path.sh
-- Installing: /home/xhr/Dog_VMC/Module/imu/install/imu_ros2/share/imu_ros2/environment/path.dsv
-- Installing: /home/xhr/Dog_VMC/Module/imu/install/imu_ros2/share/imu_ros2/local_setup.bash
-- Installing: /home/xhr/Dog_VMC/Module/imu/install/imu_ros2/share/imu_ros2/local_setup.sh
-- Installing: /home/xhr/Dog_VMC/Module/imu/install/imu_ros2/share/imu_ros2/local_setup.zsh
-- Installing: /home/xhr/Dog_VMC/Module/imu/install/imu_ros2/share/imu_ros2/local_setup.dsv
-- Up-to-date: /home/xhr/Dog_VMC/Module/imu/install/imu_ros2/share/imu_ros2/package.dsv
-- Installing: /home/xhr/Dog_VMC/Module/imu/install/imu_ros2/share/ament_index/resource_index/packages/imu_ros2
-- Installing: /home/xhr/Dog_VMC/Module/imu/install/imu_ros2/share/imu_ros2/cmake/export_imu_ros2__rosidl_generator_cExport.cmake
-- Installing: /home/xhr/Dog_VMC/Module/imu/install/imu_ros2/share/imu_ros2/cmake/export_imu_ros2__rosidl_generator_cExport-noconfig.cmake
-- Installing: /home/xhr/Dog_VMC/Module/imu/install/imu_ros2/share/imu_ros2/cmake/export_imu_ros2__rosidl_typesupport_fastrtps_cExport.cmake
-- Installing: /home/xhr/Dog_VMC/Module/imu/install/imu_ros2/share/imu_ros2/cmake/export_imu_ros2__rosidl_typesupport_fastrtps_cExport-noconfig.cmake
-- Installing: /home/xhr/Dog_VMC/Module/imu/install/imu_ros2/share/imu_ros2/cmake/export_imu_ros2__rosidl_generator_cppExport.cmake
-- Installing: /home/xhr/Dog_VMC/Module/imu/install/imu_ros2/share/imu_ros2/cmake/export_imu_ros2__rosidl_typesupport_fastrtps_cppExport.cmake
-- Installing: /home/xhr/Dog_VMC/Module/imu/install/imu_ros2/share/imu_ros2/cmake/export_imu_ros2__rosidl_typesupport_fastrtps_cppExport-noconfig.cmake
-- Installing: /home/xhr/Dog_VMC/Module/imu/install/imu_ros2/share/imu_ros2/cmake/imu_ros2__rosidl_typesupport_introspection_cExport.cmake
-- Installing: /home/xhr/Dog_VMC/Module/imu/install/imu_ros2/share/imu_ros2/cmake/imu_ros2__rosidl_typesupport_introspection_cExport-noconfig.cmake
-- Installing: /home/xhr/Dog_VMC/Module/imu/install/imu_ros2/share/imu_ros2/cmake/imu_ros2__rosidl_typesupport_cExport.cmake
-- Installing: /home/xhr/Dog_VMC/Module/imu/install/imu_ros2/share/imu_ros2/cmake/imu_ros2__rosidl_typesupport_cExport-noconfig.cmake
-- Installing: /home/xhr/Dog_VMC/Module/imu/install/imu_ros2/share/imu_ros2/cmake/imu_ros2__rosidl_typesupport_introspection_cppExport.cmake
-- Installing: /home/xhr/Dog_VMC/Module/imu/install/imu_ros2/share/imu_ros2/cmake/imu_ros2__rosidl_typesupport_introspection_cppExport-noconfig.cmake
-- Installing: /home/xhr/Dog_VMC/Module/imu/install/imu_ros2/share/imu_ros2/cmake/imu_ros2__rosidl_typesupport_cppExport.cmake
-- Installing: /home/xhr/Dog_VMC/Module/imu/install/imu_ros2/share/imu_ros2/cmake/imu_ros2__rosidl_typesupport_cppExport-noconfig.cmake
-- Installing: /home/xhr/Dog_VMC/Module/imu/install/imu_ros2/share/imu_ros2/cmake/export_imu_ros2__rosidl_generator_pyExport.cmake
-- Installing: /home/xhr/Dog_VMC/Module/imu/install/imu_ros2/share/imu_ros2/cmake/export_imu_ros2__rosidl_generator_pyExport-noconfig.cmake
-- Installing: /home/xhr/Dog_VMC/Module/imu/install/imu_ros2/share/imu_ros2/cmake/rosidl_cmake-extras.cmake
-- Installing: /home/xhr/Dog_VMC/Module/imu/install/imu_ros2/share/imu_ros2/cmake/ament_cmake_export_include_directories-extras.cmake
-- Installing: /home/xhr/Dog_VMC/Module/imu/install/imu_ros2/share/imu_ros2/cmake/ament_cmake_export_libraries-extras.cmake
-- Installing: /home/xhr/Dog_VMC/Module/imu/install/imu_ros2/share/imu_ros2/cmake/ament_cmake_export_targets-extras.cmake
-- Installing: /home/xhr/Dog_VMC/Module/imu/install/imu_ros2/share/imu_ros2/cmake/rosidl_cmake_export_typesupport_targets-extras.cmake
-- Installing: /home/xhr/Dog_VMC/Module/imu/install/imu_ros2/share/imu_ros2/cmake/ament_cmake_export_dependencies-extras.cmake
-- Installing: /home/xhr/Dog_VMC/Module/imu/install/imu_ros2/share/imu_ros2/cmake/rosidl_cmake_export_typesupport_libraries-extras.cmake
-- Installing: /home/xhr/Dog_VMC/Module/imu/install/imu_ros2/share/imu_ros2/cmake/imu_ros2Config.cmake
-- Installing: /home/xhr/Dog_VMC/Module/imu/install/imu_ros2/share/imu_ros2/cmake/imu_ros2Config-version.cmake
-- Installing: /home/xhr/Dog_VMC/Module/imu/install/imu_ros2/share/imu_ros2/package.xml
