[ 15%] [32mBuilding CXX object src/protocol/canfd/CMakeFiles/motors_canfd.dir/socket_canfd.cpp.o[0m
[ 15%] [32mBuilding CXX object src/protocol/can/CMakeFiles/motors_can.dir/socket_can.cpp.o[0m
In file included from [01m[K/usr/include/spdlog/spdlog.h:12[m[K,
                 from [01m[K/home/rp/Dog_deploy/src/motors/src/protocol/canfd/../canfd_iso.hpp:8[m[K,
                 from [01m[K/home/rp/Dog_deploy/src/motors/src/protocol/canfd/socket_canfd.hpp:9[m[K,
                 from [01m[K/home/rp/Dog_deploy/src/motors/src/protocol/canfd/socket_canfd.cpp:7[m[K:
[01m[K/usr/include/spdlog/common.h:373:54:[m[K [01;31m[Kerror: [m[K‘[01m[Ktemplate<class T, class ... Args> fmt::v12::basic_string_view<Char> spdlog::details::to_string_view[m[K’ redeclared as different kind of entity
  373 | inline fmt::basic_string_view<T> to_string_view(fmt::[01;31m[Kbasic_format_string[m[K<T, Args...> fmt)
      |                                                      [01;31m[K^~~~~~~~~~~~~~~~~~~[m[K
[01m[K/usr/include/spdlog/common.h:354:45:[m[K [01;36m[Knote: [m[Kprevious declaration ‘[01m[Kconstexpr spdlog::string_view_t spdlog::details::[01;32m[Kto_string_view[m[K(spdlog::string_view_t)[m[K’
  354 | SPDLOG_CONSTEXPR_FUNC spdlog::string_view_t [01;36m[Kto_string_view[m[K(spdlog::string_view_t str) SPDLOG_NOEXCEPT
      |                                             [01;36m[K^~~~~~~~~~~~~~[m[K
[01m[K/usr/include/spdlog/common.h:373:54:[m[K [01;31m[Kerror: [m[K‘[01m[Kbasic_format_string[m[K’ is not a member of ‘[01m[Kfmt[m[K’
  373 | inline fmt::basic_string_view<T> to_string_view(fmt::[01;31m[Kbasic_format_string[m[K<T, Args...> fmt)
      |                                                      [01;31m[K^~~~~~~~~~~~~~~~~~~[m[K
[01m[K/usr/include/spdlog/common.h:373:75:[m[K [01;31m[Kerror: [m[Kexpected primary-expression before ‘[01m[K,[m[K’ token
  373 | inline fmt::basic_string_view<T> to_string_view(fmt::basic_format_string<T[01;31m[K,[m[K Args...> fmt)
      |                                                                           [01;31m[K^[m[K
[01m[K/usr/include/spdlog/common.h:373:81:[m[K [01;31m[Kerror: [m[Kexpected primary-expression before ‘[01m[K...[m[K’ token
  373 | inline fmt::basic_string_view<T> to_string_view(fmt::basic_format_string<T, Args[01;31m[K...[m[K> fmt)
      |                                                                                 [01;31m[K^~~[m[K
In file included from [01m[K/usr/include/spdlog/spdlog.h:12[m[K,
                 from [01m[K/home/rp/Dog_deploy/src/motors/src/protocol/can/../can_iso.hpp:8[m[K,
                 from [01m[K/home/rp/Dog_deploy/src/motors/src/protocol/can/socket_can.hpp:9[m[K,
                 from [01m[K/home/rp/Dog_deploy/src/motors/src/protocol/can/socket_can.cpp:15[m[K:
[01m[K/usr/include/spdlog/common.h:373:54:[m[K [01;31m[Kerror: [m[K‘[01m[Ktemplate<class T, class ... Args> fmt::v12::basic_string_view<Char> spdlog::details::to_string_view[m[K’ redeclared as different kind of entity
  373 | inline fmt::basic_string_view<T> to_string_view(fmt::[01;31m[Kbasic_format_string[m[K<T, Args...> fmt)
      |                                                      [01;31m[K^~~~~~~~~~~~~~~~~~~[m[K
[01m[K/usr/include/spdlog/common.h:354:45:[m[K [01;36m[Knote: [m[Kprevious declaration ‘[01m[Kconstexpr spdlog::string_view_t spdlog::details::[01;32m[Kto_string_view[m[K(spdlog::string_view_t)[m[K’
  354 | SPDLOG_CONSTEXPR_FUNC spdlog::string_view_t [01;36m[Kto_string_view[m[K(spdlog::string_view_t str) SPDLOG_NOEXCEPT
      |                                             [01;36m[K^~~~~~~~~~~~~~[m[K
[01m[K/usr/include/spdlog/common.h:373:54:[m[K [01;31m[Kerror: [m[K‘[01m[Kbasic_format_string[m[K’ is not a member of ‘[01m[Kfmt[m[K’
  373 | inline fmt::basic_string_view<T> to_string_view(fmt::[01;31m[Kbasic_format_string[m[K<T, Args...> fmt)
      |                                                      [01;31m[K^~~~~~~~~~~~~~~~~~~[m[K
[01m[K/usr/include/spdlog/common.h:373:75:[m[K [01;31m[Kerror: [m[Kexpected primary-expression before ‘[01m[K,[m[K’ token
  373 | inline fmt::basic_string_view<T> to_string_view(fmt::basic_format_string<T[01;31m[K,[m[K Args...> fmt)
      |                                                                           [01;31m[K^[m[K
[01m[K/usr/include/spdlog/common.h:373:81:[m[K [01;31m[Kerror: [m[Kexpected primary-expression before ‘[01m[K...[m[K’ token
  373 | inline fmt::basic_string_view<T> to_string_view(fmt::basic_format_string<T, Args[01;31m[K...[m[K> fmt)
      |                                                                                 [01;31m[K^~~[m[K
gmake[2]: *** [src/protocol/can/CMakeFiles/motors_can.dir/build.make:76：src/protocol/can/CMakeFiles/motors_can.dir/socket_can.cpp.o] 错误 1
gmake[2]: *** [src/protocol/canfd/CMakeFiles/motors_canfd.dir/build.make:76：src/protocol/canfd/CMakeFiles/motors_canfd.dir/socket_canfd.cpp.o] 错误 1
gmake[1]: *** [CMakeFiles/Makefile2:393：src/protocol/canfd/CMakeFiles/motors_canfd.dir/all] 错误 2
gmake[1]: *** 正在等待未完成的任务....
gmake[1]: *** [CMakeFiles/Makefile2:367：src/protocol/can/CMakeFiles/motors_can.dir/all] 错误 2
gmake: *** [Makefile:146：all] 错误 2
