[0.006s] Invoking command in '/home/rp/Dog_deploy/build/roboparty_motors': CMAKE_PREFIX_PATH=${CMAKE_PREFIX_PATH}:/opt/ros/jazzy CONDA_PROMPT_MODIFIER=(base) DEBUGINFOD_URLS=https://debuginfod.ubuntu.com /usr/bin/cmake /home/rp/Dog_deploy/src/motors -DCMAKE_INSTALL_PREFIX=/home/rp/Dog_deploy/install/roboparty_motors
[0.029s] -- Found Python3: /home/rp/miniconda3/bin/python3 (found version "3.14.6") found components: Interpreter 
[0.111s] -- Found Python3: /home/rp/miniconda3/bin/python3 (found version "3.14.6") found components: Interpreter Development Development.Module Development.Embed 
[0.113s] -- Found pybind11: /usr/include (found version "2.11.1")
[0.191s] -- Configuring done (0.2s)
[0.207s] -- Generating done (0.0s)
[0.209s] -- Build files have been written to: /home/rp/Dog_deploy/build/roboparty_motors
[0.213s] Invoked command in '/home/rp/Dog_deploy/build/roboparty_motors' returned '0': CMAKE_PREFIX_PATH=${CMAKE_PREFIX_PATH}:/opt/ros/jazzy CONDA_PROMPT_MODIFIER=(base) DEBUGINFOD_URLS=https://debuginfod.ubuntu.com /usr/bin/cmake /home/rp/Dog_deploy/src/motors -DCMAKE_INSTALL_PREFIX=/home/rp/Dog_deploy/install/roboparty_motors
[0.214s] Invoking command in '/home/rp/Dog_deploy/build/roboparty_motors': CMAKE_PREFIX_PATH=${CMAKE_PREFIX_PATH}:/opt/ros/jazzy CONDA_PROMPT_MODIFIER=(base) DEBUGINFOD_URLS=https://debuginfod.ubuntu.com /usr/bin/cmake --build /home/rp/Dog_deploy/build/roboparty_motors -- -j14 -l14
[0.246s] [ 15%] [32mBuilding CXX object src/protocol/canfd/CMakeFiles/motors_canfd.dir/socket_canfd.cpp.o[0m
[0.246s] [ 15%] [32mBuilding CXX object src/protocol/can/CMakeFiles/motors_can.dir/socket_can.cpp.o[0m
[0.247s] /bin/sh: 1: ccache: not found
[0.247s] /bin/sh: 1: ccache: not found
[0.247s] gmake[2]: *** [src/protocol/can/CMakeFiles/motors_can.dir/build.make:76：src/protocol/can/CMakeFiles/motors_can.dir/socket_can.cpp.o] 错误 127
[0.247s] gmake[2]: *** [src/protocol/canfd/CMakeFiles/motors_canfd.dir/build.make:76：src/protocol/canfd/CMakeFiles/motors_canfd.dir/socket_canfd.cpp.o] 错误 127
[0.248s] gmake[1]: *** [CMakeFiles/Makefile2:393：src/protocol/canfd/CMakeFiles/motors_canfd.dir/all] 错误 2
[0.248s] gmake[1]: *** 正在等待未完成的任务....
[0.248s] gmake[1]: *** [CMakeFiles/Makefile2:367：src/protocol/can/CMakeFiles/motors_can.dir/all] 错误 2
[0.248s] gmake: *** [Makefile:146：all] 错误 2
[0.249s] Invoked command in '/home/rp/Dog_deploy/build/roboparty_motors' returned '2': CMAKE_PREFIX_PATH=${CMAKE_PREFIX_PATH}:/opt/ros/jazzy CONDA_PROMPT_MODIFIER=(base) DEBUGINFOD_URLS=https://debuginfod.ubuntu.com /usr/bin/cmake --build /home/rp/Dog_deploy/build/roboparty_motors -- -j14 -l14
