[0.007s] Invoking command in '/home/rp/Dog_deploy/build/roboparty_imu': CONDA_PROMPT_MODIFIER=(env_isaaclab) DEBUGINFOD_URLS=https://debuginfod.ubuntu.com /usr/bin/cmake --build /home/rp/Dog_deploy/build/roboparty_imu -- -j14 -l14
[0.101s] [  2%] Built target roboparty_imu__rosidl_generator_type_description
[0.101s] [  4%] Built target roboparty_imu__rs
[0.108s] [  4%] Built target ament_cmake_python_copy_roboparty_imu
[0.111s] [ 15%] Built target imu_reader_lib
[0.114s] [ 18%] Built target roboparty_imu__cpp
[0.116s] [ 29%] Built target roboparty_imu__rosidl_generator_c
[0.125s] [ 34%] Built target imu_driver
[0.131s] [ 47%] Built target roboparty_imu__rosidl_typesupport_introspection_c
[0.131s] [ 47%] Built target roboparty_imu__rosidl_typesupport_c
[0.132s] [ 54%] Built target roboparty_imu__rosidl_typesupport_cpp
[0.133s] [ 61%] Built target roboparty_imu__rosidl_typesupport_fastrtps_cpp
[0.133s] [ 75%] Built target roboparty_imu__rosidl_typesupport_introspection_cpp
[0.134s] [ 75%] Built target roboparty_imu__rosidl_typesupport_fastrtps_c
[0.146s] [ 75%] Built target roboparty_imu
[0.160s] [ 79%] Built target roboparty_imu__py
[0.160s] [ 79%] [32mBuilding CXX object CMakeFiles/imu_node.dir/src/imu_node.cpp.o[0m
[0.182s] [ 84%] Built target roboparty_imu__rosidl_generator_py
[0.198s] [ 88%] Built target roboparty_imu_s__rosidl_typesupport_fastrtps_c
[0.198s] [ 95%] Built target roboparty_imu_s__rosidl_typesupport_introspection_c
[0.198s] [ 97%] Built target roboparty_imu_s__rosidl_typesupport_c
[0.393s] [01m[K/home/rp/Dog_deploy/src/imu/imu_ros2/src/imu_node.cpp:11:10:[m[K [01;31m[Kfatal error: [m[Kroboparty_imu/msg/IMUData.msg: 没有那个文件或目录
[0.393s]    11 | #include [01;31m[K<roboparty_imu/msg/IMUData.msg>[m[K
[0.393s]       |          [01;31m[K^~~~~~~~~~~~~~~~~~~~~~~~~~~~~~~[m[K
[0.393s] compilation terminated.
[0.397s] gmake[2]: *** [CMakeFiles/imu_node.dir/build.make:76：CMakeFiles/imu_node.dir/src/imu_node.cpp.o] 错误 1
[0.397s] gmake[1]: *** [CMakeFiles/Makefile2:676：CMakeFiles/imu_node.dir/all] 错误 2
[0.397s] gmake[1]: *** 正在等待未完成的任务....
[0.416s] running egg_info
[0.419s] writing roboparty_imu.egg-info/PKG-INFO
[0.419s] writing dependency_links to roboparty_imu.egg-info/dependency_links.txt
[0.420s] writing top-level names to roboparty_imu.egg-info/top_level.txt
[0.433s] reading manifest file 'roboparty_imu.egg-info/SOURCES.txt'
[0.433s] writing manifest file 'roboparty_imu.egg-info/SOURCES.txt'
[0.462s] [ 97%] Built target ament_cmake_python_build_roboparty_imu_egg
[0.463s] gmake: *** [Makefile:146：all] 错误 2
[0.464s] Invoked command in '/home/rp/Dog_deploy/build/roboparty_imu' returned '2': CONDA_PROMPT_MODIFIER=(env_isaaclab) DEBUGINFOD_URLS=https://debuginfod.ubuntu.com /usr/bin/cmake --build /home/rp/Dog_deploy/build/roboparty_imu -- -j14 -l14
