[0.004s] Invoking command in '/home/rp/Dog_deploy/build/roboparty_imu': CONDA_PROMPT_MODIFIER=(env_isaaclab) DEBUGINFOD_URLS=https://debuginfod.ubuntu.com /usr/bin/cmake --build /home/rp/Dog_deploy/build/roboparty_imu -- -j14 -l14
[0.037s] [  4%] Built target roboparty_imu__rs
[0.037s] [  4%] Built target roboparty_imu__rosidl_generator_type_description
[0.037s] [ 15%] Built target imu_reader_lib
[0.041s] [ 15%] Built target ament_cmake_python_copy_roboparty_imu
[0.047s] [ 20%] Built target roboparty_imu__cpp
[0.047s] [ 22%] Built target imu_driver
[0.047s] [ 34%] Built target roboparty_imu__rosidl_generator_c
[0.060s] [ 54%] Built target roboparty_imu__rosidl_typesupport_cpp
[0.060s] [ 68%] Built target roboparty_imu__rosidl_typesupport_c
[0.060s] [ 72%] Built target roboparty_imu__rosidl_typesupport_introspection_c
[0.061s] [ 68%] Built target roboparty_imu__rosidl_typesupport_introspection_cpp
[0.061s] [ 75%] Built target roboparty_imu__rosidl_typesupport_fastrtps_cpp
[0.061s] [ 75%] Built target roboparty_imu__rosidl_typesupport_fastrtps_c
[0.074s] [ 75%] Built target roboparty_imu
[0.087s] [ 79%] Built target roboparty_imu__py
[0.087s] [ 79%] [32mBuilding CXX object CMakeFiles/imu_node.dir/src/imu_node.cpp.o[0m
[0.102s] [ 84%] Built target roboparty_imu__rosidl_generator_py
[0.118s] [ 97%] Built target roboparty_imu_s__rosidl_typesupport_c
[0.118s] [ 97%] Built target roboparty_imu_s__rosidl_typesupport_fastrtps_c
[0.118s] [ 97%] Built target roboparty_imu_s__rosidl_typesupport_introspection_c
[0.143s] running egg_info
[0.145s] writing roboparty_imu.egg-info/PKG-INFO
[0.145s] writing dependency_links to roboparty_imu.egg-info/dependency_links.txt
[0.145s] writing top-level names to roboparty_imu.egg-info/top_level.txt
[0.154s] reading manifest file 'roboparty_imu.egg-info/SOURCES.txt'
[0.154s] writing manifest file 'roboparty_imu.egg-info/SOURCES.txt'
[0.175s] [ 97%] Built target ament_cmake_python_build_roboparty_imu_egg
[0.195s] [01m[K/home/rp/Dog_deploy/src/imu/imu_ros2/src/imu_node.cpp:11:10:[m[K [01;31m[Kfatal error: [m[Kimu_ros2/msg/IMUData.msg: 没有那个文件或目录
[0.195s]    11 | #include [01;31m[K<imu_ros2/msg/IMUData.msg>[m[K
[0.195s]       |          [01;31m[K^~~~~~~~~~~~~~~~~~~~~~~~~~[m[K
[0.195s] compilation terminated.
[0.197s] gmake[2]: *** [CMakeFiles/imu_node.dir/build.make:76：CMakeFiles/imu_node.dir/src/imu_node.cpp.o] 错误 1
[0.197s] gmake[1]: *** [CMakeFiles/Makefile2:676：CMakeFiles/imu_node.dir/all] 错误 2
[0.197s] gmake: *** [Makefile:146：all] 错误 2
[0.199s] Invoked command in '/home/rp/Dog_deploy/build/roboparty_imu' returned '2': CONDA_PROMPT_MODIFIER=(env_isaaclab) DEBUGINFOD_URLS=https://debuginfod.ubuntu.com /usr/bin/cmake --build /home/rp/Dog_deploy/build/roboparty_imu -- -j14 -l14
