[0.005s] Invoking command in '/home/rp/Dog_deploy/build/roboparty_imu': CONDA_PROMPT_MODIFIER=(env_isaaclab) DEBUGINFOD_URLS=https://debuginfod.ubuntu.com /usr/bin/cmake --build /home/rp/Dog_deploy/build/roboparty_imu -- -j14 -l14
[0.050s] [  6%] Built target roboparty_imu__rs
[0.050s] [  6%] Built target roboparty_imu__rosidl_generator_type_description
[0.050s] [ 15%] Built target imu_reader_lib
[0.056s] [ 15%] Built target ament_cmake_python_copy_roboparty_imu
[0.062s] [ 29%] Built target imu_driver
[0.062s] [ 29%] Built target roboparty_imu__cpp
[0.062s] [ 34%] Built target roboparty_imu__rosidl_generator_c
[0.076s] [ 40%] Built target roboparty_imu__rosidl_typesupport_c
[0.076s] [ 47%] Built target roboparty_imu__rosidl_typesupport_cpp
[0.076s] [ 65%] Built target roboparty_imu__rosidl_typesupport_introspection_cpp
[0.076s] [ 68%] Built target roboparty_imu__rosidl_typesupport_fastrtps_c
[0.076s] [ 68%] Built target roboparty_imu__rosidl_typesupport_fastrtps_cpp
[0.077s] [ 75%] Built target roboparty_imu__rosidl_typesupport_introspection_c
[0.091s] [ 75%] Built target roboparty_imu
[0.106s] [ 77%] [32mBuilding CXX object CMakeFiles/imu_node.dir/src/imu_node.cpp.o[0m
[0.106s] [ 79%] Built target roboparty_imu__py
[0.121s] [ 84%] Built target roboparty_imu__rosidl_generator_py
[0.134s] [ 93%] Built target roboparty_imu_s__rosidl_typesupport_fastrtps_c
[0.134s] [ 93%] Built target roboparty_imu_s__rosidl_typesupport_introspection_c
[0.134s] [ 97%] Built target roboparty_imu_s__rosidl_typesupport_c
[0.158s] running egg_info
[0.161s] writing roboparty_imu.egg-info/PKG-INFO
[0.161s] writing dependency_links to roboparty_imu.egg-info/dependency_links.txt
[0.161s] writing top-level names to roboparty_imu.egg-info/top_level.txt
[0.170s] reading manifest file 'roboparty_imu.egg-info/SOURCES.txt'
[0.170s] writing manifest file 'roboparty_imu.egg-info/SOURCES.txt'
[0.190s] [ 97%] Built target ament_cmake_python_build_roboparty_imu_egg
[2.276s] [100%] [32m[1mLinking CXX executable imu_node[0m
[2.401s] [100%] Built target imu_node
