[  2%] Built target roboparty_imu__rosidl_generator_type_description
[  4%] Built target roboparty_imu__rs
[  4%] Built target ament_cmake_python_copy_roboparty_imu
[  6%] Built target roboparty_imu__cpp
[ 18%] Built target imu_reader_lib
[ 29%] Built target roboparty_imu__rosidl_generator_c
[ 36%] [34m[1mGenerating C type support for eProsima Fast-RTPS[0m
[ 36%] [34m[1mGenerating C++ type support dispatch for ROS interfaces[0m
[ 36%] [34m[1mGenerating C++ type support for eProsima Fast-RTPS[0m
[ 38%] [32mBuilding CXX object CMakeFiles/imu_driver.dir/src/imu_driver.cpp.o[0m
[ 40%] [34m[1mGenerating C introspection for ROS interfaces[0m
[ 43%] [34m[1mGenerating C++ introspection for ROS interfaces[0m
[ 45%] [34m[1mGenerating C type support dispatch for ROS interfaces[0m
[ 50%] [32mBuilding CXX object CMakeFiles/roboparty_imu__rosidl_typesupport_cpp.dir/rosidl_typesupport_cpp/roboparty_imu/msg/imu_data__type_support.cpp.o[0m
[ 50%] [32mBuilding CXX object CMakeFiles/roboparty_imu__rosidl_typesupport_c.dir/rosidl_typesupport_c/roboparty_imu/msg/imu_data__type_support.cpp.o[0m
[ 54%] [32mBuilding CXX object CMakeFiles/roboparty_imu__rosidl_typesupport_fastrtps_c.dir/rosidl_typesupport_fastrtps_c/roboparty_imu/msg/detail/imu_data__type_support_c.cpp.o[0m
[ 54%] [32mBuilding CXX object CMakeFiles/roboparty_imu__rosidl_typesupport_fastrtps_cpp.dir/rosidl_typesupport_fastrtps_cpp/roboparty_imu/msg/detail/dds_fastrtps/imu_data__type_support.cpp.o[0m
[ 56%] [32mBuilding C object CMakeFiles/roboparty_imu__rosidl_typesupport_introspection_c.dir/rosidl_typesupport_introspection_c/roboparty_imu/msg/detail/imu_data__type_support.c.o[0m
[ 59%] [32mBuilding CXX object CMakeFiles/roboparty_imu__rosidl_typesupport_introspection_cpp.dir/rosidl_typesupport_introspection_cpp/roboparty_imu/msg/detail/imu_data__type_support.cpp.o[0m
[ 65%] [32m[1mLinking C shared library libroboparty_imu__rosidl_typesupport_introspection_c.so[0m
[ 65%] [32m[1mLinking CXX shared library libroboparty_imu__rosidl_typesupport_c.so[0m
[ 65%] [32m[1mLinking CXX static library libimu_driver.a[0m
[ 65%] Built target imu_driver
[ 65%] Built target roboparty_imu__rosidl_typesupport_c
[ 65%] Built target roboparty_imu__rosidl_typesupport_introspection_c
[ 75%] [32m[1mLinking CXX shared library libroboparty_imu__rosidl_typesupport_fastrtps_cpp.so[0m
[ 75%] [32m[1mLinking CXX shared library libroboparty_imu__rosidl_typesupport_fastrtps_c.so[0m
[ 75%] [32m[1mLinking CXX shared library libroboparty_imu__rosidl_typesupport_introspection_cpp.so[0m
[ 75%] [32m[1mLinking CXX shared library libroboparty_imu__rosidl_typesupport_cpp.so[0m
running egg_info
writing roboparty_imu.egg-info/PKG-INFO
[ 75%] Built target roboparty_imu__rosidl_typesupport_introspection_cpp
[ 75%] Built target roboparty_imu__rosidl_typesupport_cpp
writing dependency_links to roboparty_imu.egg-info/dependency_links.txt
writing top-level names to roboparty_imu.egg-info/top_level.txt
[ 75%] Built target roboparty_imu__rosidl_typesupport_fastrtps_cpp
[ 75%] Built target roboparty_imu__rosidl_typesupport_fastrtps_c
[ 75%] Built target roboparty_imu
reading manifest file 'roboparty_imu.egg-info/SOURCES.txt'
writing manifest file 'roboparty_imu.egg-info/SOURCES.txt'
[ 77%] [32mBuilding CXX object CMakeFiles/imu_node.dir/src/imu_node.cpp.o[0m
[ 79%] [34m[1mGenerating Python code for ROS interfaces[0m
[ 79%] Built target ament_cmake_python_build_roboparty_imu_egg
[01m[K/home/rp/Dog_deploy/src/imu/imu_ros2/src/imu_node.cpp:11:10:[m[K [01;31m[Kfatal error: [m[Kimu_ros2/msg/imu_data.hpp: 没有那个文件或目录
   11 | #include [01;31m[K<imu_ros2/msg/imu_data.hpp>[m[K
      |          [01;31m[K^~~~~~~~~~~~~~~~~~~~~~~~~~~[m[K
compilation terminated.
gmake[2]: *** [CMakeFiles/imu_node.dir/build.make:76：CMakeFiles/imu_node.dir/src/imu_node.cpp.o] 错误 1
gmake[1]: *** [CMakeFiles/Makefile2:676：CMakeFiles/imu_node.dir/all] 错误 2
gmake[1]: *** 正在等待未完成的任务....
[ 79%] Built target roboparty_imu__py
gmake: *** [Makefile:146：all] 错误 2
