[0.018s] Invoking command in '/home/rp/Dog_deploy/build/roboparty_imu': CMAKE_PREFIX_PATH=${CMAKE_PREFIX_PATH}:/opt/ros/jazzy CONDA_PROMPT_MODIFIER=(env_isaaclab) DEBUGINFOD_URLS=https://debuginfod.ubuntu.com /usr/bin/cmake --build /home/rp/Dog_deploy/build/roboparty_imu -- -j14 -l14
[0.132s] [  2%] Built target roboparty_imu__rosidl_generator_type_description
[0.132s] [  4%] Built target roboparty_imu__rs
[0.136s] [  4%] Built target ament_cmake_python_copy_roboparty_imu
[0.147s] [  6%] Built target roboparty_imu__cpp
[0.151s] [ 18%] Built target imu_reader_lib
[0.155s] [ 29%] Built target roboparty_imu__rosidl_generator_c
[0.163s] [ 36%] [34m[1mGenerating C type support for eProsima Fast-RTPS[0m
[0.163s] [ 36%] [34m[1mGenerating C++ type support dispatch for ROS interfaces[0m
[0.163s] [ 36%] [34m[1mGenerating C++ type support for eProsima Fast-RTPS[0m
[0.164s] [ 38%] [32mBuilding CXX object CMakeFiles/imu_driver.dir/src/imu_driver.cpp.o[0m
[0.166s] [ 40%] [34m[1mGenerating C introspection for ROS interfaces[0m
[0.166s] [ 43%] [34m[1mGenerating C++ introspection for ROS interfaces[0m
[0.167s] [ 45%] [34m[1mGenerating C type support dispatch for ROS interfaces[0m
[0.739s] [ 50%] [32mBuilding CXX object CMakeFiles/roboparty_imu__rosidl_typesupport_cpp.dir/rosidl_typesupport_cpp/roboparty_imu/msg/imu_data__type_support.cpp.o[0m
[0.746s] [ 50%] [32mBuilding CXX object CMakeFiles/roboparty_imu__rosidl_typesupport_c.dir/rosidl_typesupport_c/roboparty_imu/msg/imu_data__type_support.cpp.o[0m
[0.746s] [ 54%] [32mBuilding CXX object CMakeFiles/roboparty_imu__rosidl_typesupport_fastrtps_c.dir/rosidl_typesupport_fastrtps_c/roboparty_imu/msg/detail/imu_data__type_support_c.cpp.o[0m
[0.746s] [ 54%] [32mBuilding CXX object CMakeFiles/roboparty_imu__rosidl_typesupport_fastrtps_cpp.dir/rosidl_typesupport_fastrtps_cpp/roboparty_imu/msg/detail/dds_fastrtps/imu_data__type_support.cpp.o[0m
[0.749s] [ 56%] [32mBuilding C object CMakeFiles/roboparty_imu__rosidl_typesupport_introspection_c.dir/rosidl_typesupport_introspection_c/roboparty_imu/msg/detail/imu_data__type_support.c.o[0m
[0.750s] [ 59%] [32mBuilding CXX object CMakeFiles/roboparty_imu__rosidl_typesupport_introspection_cpp.dir/rosidl_typesupport_introspection_cpp/roboparty_imu/msg/detail/imu_data__type_support.cpp.o[0m
[0.980s] [ 65%] [32m[1mLinking C shared library libroboparty_imu__rosidl_typesupport_introspection_c.so[0m
[0.980s] [ 65%] [32m[1mLinking CXX shared library libroboparty_imu__rosidl_typesupport_c.so[0m
[0.980s] [ 65%] [32m[1mLinking CXX static library libimu_driver.a[0m
[1.024s] [ 65%] Built target imu_driver
[1.069s] [ 65%] Built target roboparty_imu__rosidl_typesupport_c
[1.069s] [ 65%] Built target roboparty_imu__rosidl_typesupport_introspection_c
[1.407s] [ 75%] [32m[1mLinking CXX shared library libroboparty_imu__rosidl_typesupport_fastrtps_cpp.so[0m
[1.408s] [ 75%] [32m[1mLinking CXX shared library libroboparty_imu__rosidl_typesupport_fastrtps_c.so[0m
[1.408s] [ 75%] [32m[1mLinking CXX shared library libroboparty_imu__rosidl_typesupport_introspection_cpp.so[0m
[1.408s] [ 75%] [32m[1mLinking CXX shared library libroboparty_imu__rosidl_typesupport_cpp.so[0m
[1.490s] running egg_info
[1.498s] writing roboparty_imu.egg-info/PKG-INFO
[1.501s] [ 75%] Built target roboparty_imu__rosidl_typesupport_introspection_cpp
[1.501s] [ 75%] Built target roboparty_imu__rosidl_typesupport_cpp
[1.501s] writing dependency_links to roboparty_imu.egg-info/dependency_links.txt
[1.501s] writing top-level names to roboparty_imu.egg-info/top_level.txt
[1.503s] [ 75%] Built target roboparty_imu__rosidl_typesupport_fastrtps_cpp
[1.503s] [ 75%] Built target roboparty_imu__rosidl_typesupport_fastrtps_c
[1.525s] [ 75%] Built target roboparty_imu
[1.526s] reading manifest file 'roboparty_imu.egg-info/SOURCES.txt'
[1.527s] writing manifest file 'roboparty_imu.egg-info/SOURCES.txt'
[1.543s] [ 77%] [32mBuilding CXX object CMakeFiles/imu_node.dir/src/imu_node.cpp.o[0m
[1.547s] [ 79%] [34m[1mGenerating Python code for ROS interfaces[0m
[1.609s] [ 79%] Built target ament_cmake_python_build_roboparty_imu_egg
[76.115s] [01m[K/home/rp/Dog_deploy/src/imu/imu_ros2/src/imu_node.cpp:11:10:[m[K [01;31m[Kfatal error: [m[Kimu_ros2/msg/imu_data.hpp: 没有那个文件或目录
[76.166s]    11 | #include [01;31m[K<imu_ros2/msg/imu_data.hpp>[m[K
[76.166s]       |          [01;31m[K^~~~~~~~~~~~~~~~~~~~~~~~~~~[m[K
[76.166s] compilation terminated.
[76.314s] gmake[2]: *** [CMakeFiles/imu_node.dir/build.make:76：CMakeFiles/imu_node.dir/src/imu_node.cpp.o] 错误 1
[76.349s] gmake[1]: *** [CMakeFiles/Makefile2:676：CMakeFiles/imu_node.dir/all] 错误 2
[76.349s] gmake[1]: *** 正在等待未完成的任务....
[85.047s] [ 79%] Built target roboparty_imu__py
[85.059s] gmake: *** [Makefile:146：all] 错误 2
