[0.006s] Invoking command in '/home/rp/Dog_deploy/build/roboparty_imu': CMAKE_PREFIX_PATH=${CMAKE_PREFIX_PATH}:/opt/ros/jazzy CONDA_PROMPT_MODIFIER=(base) DEBUGINFOD_URLS=https://debuginfod.ubuntu.com /usr/bin/cmake /home/rp/Dog_deploy/src/imu/imu_ros2 -DCMAKE_INSTALL_PREFIX=/home/rp/Dog_deploy/install/roboparty_imu
[0.029s] -- Found ament_cmake: 2.5.6 (/opt/ros/jazzy/share/ament_cmake/cmake)
[0.191s] -- Found rclcpp: 28.1.21 (/opt/ros/jazzy/share/rclcpp/cmake)
[0.217s] -- Found rosidl_generator_c: 4.6.9 (/opt/ros/jazzy/share/rosidl_generator_c/cmake)
[0.224s] -- Found rosidl_generator_cpp: 4.6.9 (/opt/ros/jazzy/share/rosidl_generator_cpp/cmake)
[0.234s] -- Using all available rosidl_typesupport_c: rosidl_typesupport_fastrtps_c;rosidl_typesupport_introspection_c
[0.245s] -- Using all available rosidl_typesupport_cpp: rosidl_typesupport_fastrtps_cpp;rosidl_typesupport_introspection_cpp
[0.287s] -- Found rmw_implementation_cmake: 7.3.3 (/opt/ros/jazzy/share/rmw_implementation_cmake/cmake)
[0.288s] -- Found rmw_fastrtps_cpp: 8.4.4 (/opt/ros/jazzy/share/rmw_fastrtps_cpp/cmake)
[0.330s] -- Using RMW implementation 'rmw_fastrtps_cpp' as default
[0.375s] -- Found rosidl_default_generators: 1.6.1 (/opt/ros/jazzy/share/rosidl_default_generators/cmake)
[0.382s] -- Found rosidl_adapter: 4.6.9 (/opt/ros/jazzy/share/rosidl_adapter/cmake)
[0.383s] -- Found std_msgs: 5.3.8 (/opt/ros/jazzy/share/std_msgs/cmake)
[0.784s] -- Found ament_cmake_ros: 0.12.1 (/opt/ros/jazzy/share/ament_cmake_ros/cmake)
[1.188s] -- Using all available rosidl_typesupport_c: rosidl_typesupport_fastrtps_c;rosidl_typesupport_introspection_c
[1.340s] -- Using all available rosidl_typesupport_cpp: rosidl_typesupport_fastrtps_cpp;rosidl_typesupport_introspection_cpp
[1.342s] -- Found python_cmake_module: 0.11.1 (/opt/ros/jazzy/share/python_cmake_module/cmake)
[1.416s] -- Found PythonExtra: /home/rp/miniconda3/bin/python3  
[1.792s] -- Found Python3: /home/rp/miniconda3/bin/python3 (found version "3.14.6") found components: Interpreter Development NumPy Development.Module Development.Embed 
[1.828s] -- Found Python3: /home/rp/miniconda3/bin/python3 (found version "3.14.6") found components: Interpreter 
[1.829s] [0mCMake Deprecation Warning at /opt/ros/jazzy/share/rosidl_cmake/cmake/rosidl_target_interfaces.cmake:32 (message):
[1.829s]   Use rosidl_get_typesupport_target() and target_link_libraries() instead of
[1.829s]   rosidl_target_interfaces().  i.e:
[1.829s] 
[1.829s]     rosidl_get_typesupport_target(cpp_typesupport_target "${PROJECT_NAME}" "rosidl_typesupport_cpp")
[1.829s]     target_link_libraries(${PROJECT_NAME}_node "${cpp_typesupport_target}")
[1.829s] 
[1.829s] Call Stack (most recent call first):
[1.830s]   CMakeLists.txt:32 (rosidl_target_interfaces)
[1.830s] 
[1.830s] [0m
[1.837s] -- Configuring done (1.8s)
[1.873s] -- Generating done (0.0s)
[1.879s] -- Build files have been written to: /home/rp/Dog_deploy/build/roboparty_imu
