[0.007s] Invoking command in '/home/xhr/Dog_VMC/Module/imu/build/imu_ros2': CMAKE_PREFIX_PATH=${CMAKE_PREFIX_PATH}:/opt/ros/humble /usr/bin/cmake --build /home/xhr/Dog_VMC/Module/imu/build/imu_ros2 -- -j24 -l24
[0.047s] [35m[1mConsolidate compiler generated dependencies of target imu_reader_lib[0m
[0.052s] [  2%] Built target imu_ros2__cpp
[0.055s] [ 10%] Built target imu_ros2__rosidl_generator_c
[0.063s] [ 23%] Built target imu_reader_lib
[0.063s] [ 23%] Built target ament_cmake_python_copy_imu_ros2
[0.064s] [35m[1mConsolidate compiler generated dependencies of target imu_ros2__rosidl_typesupport_cpp[0m
[0.066s] [35m[1mConsolidate compiler generated dependencies of target imu_ros2__rosidl_typesupport_fastrtps_cpp[0m
[0.066s] [35m[1mConsolidate compiler generated dependencies of target imu_ros2__rosidl_typesupport_introspection_c[0m
[0.066s] [35m[1mConsolidate compiler generated dependencies of target imu_ros2__rosidl_typesupport_introspection_cpp[0m
[0.066s] [35m[1mConsolidate compiler generated dependencies of target imu_ros2__rosidl_typesupport_c[0m
[0.066s] [35m[1mConsolidate compiler generated dependencies of target imu_ros2__rosidl_typesupport_fastrtps_c[0m
[0.076s] [ 31%] Built target imu_ros2__rosidl_typesupport_fastrtps_cpp
[0.076s] [ 39%] Built target imu_ros2__rosidl_typesupport_cpp
[0.076s] [ 47%] Built target imu_ros2__rosidl_typesupport_fastrtps_c
[0.077s] [ 55%] Built target imu_ros2__rosidl_typesupport_introspection_c
[0.078s] [ 68%] Built target imu_ros2__rosidl_typesupport_c
[0.078s] [ 71%] Built target imu_ros2__rosidl_typesupport_introspection_cpp
[0.092s] [ 71%] Built target imu_ros2
[0.099s] [35m[1mConsolidate compiler generated dependencies of target imu_node[0m
[0.105s] [ 73%] Built target imu_ros2__py
[0.109s] [ 78%] Built target imu_node
[0.111s] [35m[1mConsolidate compiler generated dependencies of target imu_ros2__rosidl_generator_py[0m
[0.119s] [ 84%] Built target imu_ros2__rosidl_generator_py
[0.127s] [35m[1mConsolidate compiler generated dependencies of target imu_ros2__rosidl_typesupport_c__pyext[0m
[0.127s] [35m[1mConsolidate compiler generated dependencies of target imu_ros2__rosidl_typesupport_introspection_c__pyext[0m
[0.127s] [35m[1mConsolidate compiler generated dependencies of target imu_ros2__rosidl_typesupport_fastrtps_c__pyext[0m
[0.136s] [100%] Built target imu_ros2__rosidl_typesupport_c__pyext
[0.136s] [100%] Built target imu_ros2__rosidl_typesupport_fastrtps_c__pyext
[0.136s] [100%] Built target imu_ros2__rosidl_typesupport_introspection_c__pyext
[0.190s] running egg_info
[0.190s] writing imu_ros2.egg-info/PKG-INFO
[0.191s] writing dependency_links to imu_ros2.egg-info/dependency_links.txt
[0.191s] writing top-level names to imu_ros2.egg-info/top_level.txt
[0.192s] reading manifest file 'imu_ros2.egg-info/SOURCES.txt'
[0.192s] writing manifest file 'imu_ros2.egg-info/SOURCES.txt'
[0.207s] [100%] Built target ament_cmake_python_build_imu_ros2_egg
[0.216s] Invoked command in '/home/xhr/Dog_VMC/Module/imu/build/imu_ros2' returned '0': CMAKE_PREFIX_PATH=${CMAKE_PREFIX_PATH}:/opt/ros/humble /usr/bin/cmake --build /home/xhr/Dog_VMC/Module/imu/build/imu_ros2 -- -j24 -l24
[0.223s] Invoking command in '/home/xhr/Dog_VMC/Module/imu/build/imu_ros2': CMAKE_PREFIX_PATH=${CMAKE_PREFIX_PATH}:/opt/ros/humble /usr/bin/cmake --install /home/xhr/Dog_VMC/Module/imu/build/imu_ros2
[0.228s] -- Install configuration: ""
[0.228s] -- Up-to-date: /home/xhr/Dog_VMC/Module/imu/install/imu_ros2/share/ament_index/resource_index/rosidl_interfaces/imu_ros2
[0.228s] -- Up-to-date: /home/xhr/Dog_VMC/Module/imu/install/imu_ros2/include/imu_ros2/imu_ros2
[0.228s] -- Up-to-date: /home/xhr/Dog_VMC/Module/imu/install/imu_ros2/include/imu_ros2/imu_ros2/msg
[0.228s] -- Up-to-date: /home/xhr/Dog_VMC/Module/imu/install/imu_ros2/include/imu_ros2/imu_ros2/msg/rosidl_generator_c__visibility_control.h
[0.228s] -- Up-to-date: /home/xhr/Dog_VMC/Module/imu/install/imu_ros2/include/imu_ros2/imu_ros2/msg/imu_data.h
[0.228s] -- Up-to-date: /home/xhr/Dog_VMC/Module/imu/install/imu_ros2/include/imu_ros2/imu_ros2/msg/detail
[0.228s] -- Up-to-date: /home/xhr/Dog_VMC/Module/imu/install/imu_ros2/include/imu_ros2/imu_ros2/msg/detail/imu_data__functions.c
[0.229s] -- Up-to-date: /home/xhr/Dog_VMC/Module/imu/install/imu_ros2/include/imu_ros2/imu_ros2/msg/detail/imu_data__type_support.h
[0.229s] -- Up-to-date: /home/xhr/Dog_VMC/Module/imu/install/imu_ros2/include/imu_ros2/imu_ros2/msg/detail/imu_data__struct.h
[0.229s] -- Up-to-date: /home/xhr/Dog_VMC/Module/imu/install/imu_ros2/include/imu_ros2/imu_ros2/msg/detail/imu_data__functions.h
[0.229s] -- Up-to-date: /home/xhr/Dog_VMC/Module/imu/install/imu_ros2/share/imu_ros2/environment/library_path.sh
[0.229s] -- Up-to-date: /home/xhr/Dog_VMC/Module/imu/install/imu_ros2/share/imu_ros2/environment/library_path.dsv
[0.229s] -- Up-to-date: /home/xhr/Dog_VMC/Module/imu/install/imu_ros2/lib/libimu_ros2__rosidl_generator_c.so
[0.229s] -- Up-to-date: /home/xhr/Dog_VMC/Module/imu/install/imu_ros2/include/imu_ros2/imu_ros2
[0.229s] -- Up-to-date: /home/xhr/Dog_VMC/Module/imu/install/imu_ros2/include/imu_ros2/imu_ros2/msg
[0.229s] -- Up-to-date: /home/xhr/Dog_VMC/Module/imu/install/imu_ros2/include/imu_ros2/imu_ros2/msg/rosidl_typesupport_fastrtps_c__visibility_control.h
[0.229s] -- Up-to-date: /home/xhr/Dog_VMC/Module/imu/install/imu_ros2/include/imu_ros2/imu_ros2/msg/detail
[0.229s] -- Up-to-date: /home/xhr/Dog_VMC/Module/imu/install/imu_ros2/include/imu_ros2/imu_ros2/msg/detail/imu_data__rosidl_typesupport_fastrtps_c.h
[0.229s] -- Up-to-date: /home/xhr/Dog_VMC/Module/imu/install/imu_ros2/lib/libimu_ros2__rosidl_typesupport_fastrtps_c.so
[0.229s] -- Up-to-date: /home/xhr/Dog_VMC/Module/imu/install/imu_ros2/include/imu_ros2/imu_ros2
[0.229s] -- Up-to-date: /home/xhr/Dog_VMC/Module/imu/install/imu_ros2/include/imu_ros2/imu_ros2/msg
[0.229s] -- Up-to-date: /home/xhr/Dog_VMC/Module/imu/install/imu_ros2/include/imu_ros2/imu_ros2/msg/detail
[0.229s] -- Up-to-date: /home/xhr/Dog_VMC/Module/imu/install/imu_ros2/include/imu_ros2/imu_ros2/msg/detail/imu_data__struct.hpp
[0.229s] -- Up-to-date: /home/xhr/Dog_VMC/Module/imu/install/imu_ros2/include/imu_ros2/imu_ros2/msg/detail/imu_data__builder.hpp
[0.229s] -- Up-to-date: /home/xhr/Dog_VMC/Module/imu/install/imu_ros2/include/imu_ros2/imu_ros2/msg/detail/imu_data__type_support.hpp
[0.229s] -- Up-to-date: /home/xhr/Dog_VMC/Module/imu/install/imu_ros2/include/imu_ros2/imu_ros2/msg/detail/imu_data__traits.hpp
[0.229s] -- Up-to-date: /home/xhr/Dog_VMC/Module/imu/install/imu_ros2/include/imu_ros2/imu_ros2/msg/imu_data.hpp
[0.229s] -- Up-to-date: /home/xhr/Dog_VMC/Module/imu/install/imu_ros2/include/imu_ros2/imu_ros2/msg/rosidl_generator_cpp__visibility_control.hpp
[0.229s] -- Up-to-date: /home/xhr/Dog_VMC/Module/imu/install/imu_ros2/include/imu_ros2/imu_ros2
[0.229s] -- Up-to-date: /home/xhr/Dog_VMC/Module/imu/install/imu_ros2/include/imu_ros2/imu_ros2/msg
[0.229s] -- Up-to-date: /home/xhr/Dog_VMC/Module/imu/install/imu_ros2/include/imu_ros2/imu_ros2/msg/rosidl_typesupport_fastrtps_cpp__visibility_control.h
[0.229s] -- Up-to-date: /home/xhr/Dog_VMC/Module/imu/install/imu_ros2/include/imu_ros2/imu_ros2/msg/detail
[0.229s] -- Up-to-date: /home/xhr/Dog_VMC/Module/imu/install/imu_ros2/include/imu_ros2/imu_ros2/msg/detail/dds_fastrtps
[0.229s] -- Up-to-date: /home/xhr/Dog_VMC/Module/imu/install/imu_ros2/include/imu_ros2/imu_ros2/msg/detail/imu_data__rosidl_typesupport_fastrtps_cpp.hpp
[0.229s] -- Up-to-date: /home/xhr/Dog_VMC/Module/imu/install/imu_ros2/lib/libimu_ros2__rosidl_typesupport_fastrtps_cpp.so
[0.229s] -- Up-to-date: /home/xhr/Dog_VMC/Module/imu/install/imu_ros2/include/imu_ros2/imu_ros2
[0.229s] -- Up-to-date: /home/xhr/Dog_VMC/Module/imu/install/imu_ros2/include/imu_ros2/imu_ros2/msg
[0.229s] -- Up-to-date: /home/xhr/Dog_VMC/Module/imu/install/imu_ros2/include/imu_ros2/imu_ros2/msg/rosidl_typesupport_introspection_c__visibility_control.h
[0.229s] -- Up-to-date: /home/xhr/Dog_VMC/Module/imu/install/imu_ros2/include/imu_ros2/imu_ros2/msg/detail
[0.229s] -- Up-to-date: /home/xhr/Dog_VMC/Module/imu/install/imu_ros2/include/imu_ros2/imu_ros2/msg/detail/imu_data__rosidl_typesupport_introspection_c.h
[0.229s] -- Up-to-date: /home/xhr/Dog_VMC/Module/imu/install/imu_ros2/include/imu_ros2/imu_ros2/msg/detail/imu_data__type_support.c
[0.229s] -- Up-to-date: /home/xhr/Dog_VMC/Module/imu/install/imu_ros2/lib/libimu_ros2__rosidl_typesupport_introspection_c.so
[0.230s] -- Up-to-date: /home/xhr/Dog_VMC/Module/imu/install/imu_ros2/lib/libimu_ros2__rosidl_typesupport_c.so
[0.230s] -- Up-to-date: /home/xhr/Dog_VMC/Module/imu/install/imu_ros2/include/imu_ros2/imu_ros2
[0.230s] -- Up-to-date: /home/xhr/Dog_VMC/Module/imu/install/imu_ros2/include/imu_ros2/imu_ros2/msg
[0.230s] -- Up-to-date: /home/xhr/Dog_VMC/Module/imu/install/imu_ros2/include/imu_ros2/imu_ros2/msg/detail
[0.230s] -- Up-to-date: /home/xhr/Dog_VMC/Module/imu/install/imu_ros2/include/imu_ros2/imu_ros2/msg/detail/imu_data__type_support.cpp
[0.230s] -- Up-to-date: /home/xhr/Dog_VMC/Module/imu/install/imu_ros2/include/imu_ros2/imu_ros2/msg/detail/imu_data__rosidl_typesupport_introspection_cpp.hpp
[0.230s] -- Up-to-date: /home/xhr/Dog_VMC/Module/imu/install/imu_ros2/lib/libimu_ros2__rosidl_typesupport_introspection_cpp.so
[0.230s] -- Up-to-date: /home/xhr/Dog_VMC/Module/imu/install/imu_ros2/lib/libimu_ros2__rosidl_typesupport_cpp.so
[0.230s] -- Up-to-date: /home/xhr/Dog_VMC/Module/imu/install/imu_ros2/share/imu_ros2/environment/pythonpath.sh
[0.230s] -- Up-to-date: /home/xhr/Dog_VMC/Module/imu/install/imu_ros2/share/imu_ros2/environment/pythonpath.dsv
[0.230s] -- Up-to-date: /home/xhr/Dog_VMC/Module/imu/install/imu_ros2/local/lib/python3.10/dist-packages/imu_ros2-0.1.0-py3.10.egg-info
[0.230s] -- Installing: /home/xhr/Dog_VMC/Module/imu/install/imu_ros2/local/lib/python3.10/dist-packages/imu_ros2-0.1.0-py3.10.egg-info/SOURCES.txt
[0.230s] -- Installing: /home/xhr/Dog_VMC/Module/imu/install/imu_ros2/local/lib/python3.10/dist-packages/imu_ros2-0.1.0-py3.10.egg-info/dependency_links.txt
[0.230s] -- Installing: /home/xhr/Dog_VMC/Module/imu/install/imu_ros2/local/lib/python3.10/dist-packages/imu_ros2-0.1.0-py3.10.egg-info/PKG-INFO
[0.230s] -- Installing: /home/xhr/Dog_VMC/Module/imu/install/imu_ros2/local/lib/python3.10/dist-packages/imu_ros2-0.1.0-py3.10.egg-info/top_level.txt
[0.230s] -- Up-to-date: /home/xhr/Dog_VMC/Module/imu/install/imu_ros2/local/lib/python3.10/dist-packages/imu_ros2
[0.230s] -- Up-to-date: /home/xhr/Dog_VMC/Module/imu/install/imu_ros2/local/lib/python3.10/dist-packages/imu_ros2/imu_ros2_s__rosidl_typesupport_c.cpython-310-x86_64-linux-gnu.so
[0.230s] -- Up-to-date: /home/xhr/Dog_VMC/Module/imu/install/imu_ros2/local/lib/python3.10/dist-packages/imu_ros2/imu_ros2_s__rosidl_typesupport_introspection_c.cpython-310-x86_64-linux-gnu.so
[0.230s] -- Up-to-date: /home/xhr/Dog_VMC/Module/imu/install/imu_ros2/local/lib/python3.10/dist-packages/imu_ros2/_imu_ros2_s.ep.rosidl_typesupport_fastrtps_c.c
[0.230s] -- Up-to-date: /home/xhr/Dog_VMC/Module/imu/install/imu_ros2/local/lib/python3.10/dist-packages/imu_ros2/msg
[0.230s] -- Up-to-date: /home/xhr/Dog_VMC/Module/imu/install/imu_ros2/local/lib/python3.10/dist-packages/imu_ros2/msg/_imu_data_s.c
[0.230s] -- Up-to-date: /home/xhr/Dog_VMC/Module/imu/install/imu_ros2/local/lib/python3.10/dist-packages/imu_ros2/msg/_imu_data.py
[0.230s] -- Up-to-date: /home/xhr/Dog_VMC/Module/imu/install/imu_ros2/local/lib/python3.10/dist-packages/imu_ros2/msg/__init__.py
[0.230s] -- Up-to-date: /home/xhr/Dog_VMC/Module/imu/install/imu_ros2/local/lib/python3.10/dist-packages/imu_ros2/_imu_ros2_s.ep.rosidl_typesupport_introspection_c.c
[0.230s] -- Up-to-date: /home/xhr/Dog_VMC/Module/imu/install/imu_ros2/local/lib/python3.10/dist-packages/imu_ros2/__init__.py
[0.230s] -- Up-to-date: /home/xhr/Dog_VMC/Module/imu/install/imu_ros2/local/lib/python3.10/dist-packages/imu_ros2/imu_ros2_s__rosidl_typesupport_fastrtps_c.cpython-310-x86_64-linux-gnu.so
[0.230s] -- Up-to-date: /home/xhr/Dog_VMC/Module/imu/install/imu_ros2/local/lib/python3.10/dist-packages/imu_ros2/libimu_ros2__rosidl_generator_py.so
[0.230s] -- Up-to-date: /home/xhr/Dog_VMC/Module/imu/install/imu_ros2/local/lib/python3.10/dist-packages/imu_ros2/_imu_ros2_s.ep.rosidl_typesupport_c.c
[0.247s] Listing '/home/xhr/Dog_VMC/Module/imu/install/imu_ros2/local/lib/python3.10/dist-packages/imu_ros2'...
[0.247s] Listing '/home/xhr/Dog_VMC/Module/imu/install/imu_ros2/local/lib/python3.10/dist-packages/imu_ros2/msg'...
[0.250s] -- Up-to-date: /home/xhr/Dog_VMC/Module/imu/install/imu_ros2/local/lib/python3.10/dist-packages/imu_ros2/imu_ros2_s__rosidl_typesupport_fastrtps_c.cpython-310-x86_64-linux-gnu.so
[0.250s] -- Up-to-date: /home/xhr/Dog_VMC/Module/imu/install/imu_ros2/local/lib/python3.10/dist-packages/imu_ros2/imu_ros2_s__rosidl_typesupport_introspection_c.cpython-310-x86_64-linux-gnu.so
[0.250s] -- Up-to-date: /home/xhr/Dog_VMC/Module/imu/install/imu_ros2/local/lib/python3.10/dist-packages/imu_ros2/imu_ros2_s__rosidl_typesupport_c.cpython-310-x86_64-linux-gnu.so
[0.250s] -- Up-to-date: /home/xhr/Dog_VMC/Module/imu/install/imu_ros2/lib/libimu_ros2__rosidl_generator_py.so
[0.250s] -- Up-to-date: /home/xhr/Dog_VMC/Module/imu/install/imu_ros2/share/imu_ros2/msg/IMUData.idl
[0.250s] -- Up-to-date: /home/xhr/Dog_VMC/Module/imu/install/imu_ros2/share/imu_ros2/msg/IMUData.msg
[0.250s] -- Up-to-date: /home/xhr/Dog_VMC/Module/imu/install/imu_ros2/lib/imu_ros2/imu_node
[0.250s] -- Up-to-date: /home/xhr/Dog_VMC/Module/imu/install/imu_ros2/share/ament_index/resource_index/package_run_dependencies/imu_ros2
[0.250s] -- Up-to-date: /home/xhr/Dog_VMC/Module/imu/install/imu_ros2/share/ament_index/resource_index/parent_prefix_path/imu_ros2
[0.250s] -- Up-to-date: /home/xhr/Dog_VMC/Module/imu/install/imu_ros2/share/imu_ros2/environment/ament_prefix_path.sh
[0.250s] -- Up-to-date: /home/xhr/Dog_VMC/Module/imu/install/imu_ros2/share/imu_ros2/environment/ament_prefix_path.dsv
[0.250s] -- Up-to-date: /home/xhr/Dog_VMC/Module/imu/install/imu_ros2/share/imu_ros2/environment/path.sh
[0.250s] -- Up-to-date: /home/xhr/Dog_VMC/Module/imu/install/imu_ros2/share/imu_ros2/environment/path.dsv
[0.250s] -- Up-to-date: /home/xhr/Dog_VMC/Module/imu/install/imu_ros2/share/imu_ros2/local_setup.bash
[0.250s] -- Up-to-date: /home/xhr/Dog_VMC/Module/imu/install/imu_ros2/share/imu_ros2/local_setup.sh
[0.250s] -- Up-to-date: /home/xhr/Dog_VMC/Module/imu/install/imu_ros2/share/imu_ros2/local_setup.zsh
[0.250s] -- Up-to-date: /home/xhr/Dog_VMC/Module/imu/install/imu_ros2/share/imu_ros2/local_setup.dsv
[0.250s] -- Installing: /home/xhr/Dog_VMC/Module/imu/install/imu_ros2/share/imu_ros2/package.dsv
[0.250s] -- Up-to-date: /home/xhr/Dog_VMC/Module/imu/install/imu_ros2/share/ament_index/resource_index/packages/imu_ros2
[0.250s] -- Up-to-date: /home/xhr/Dog_VMC/Module/imu/install/imu_ros2/share/imu_ros2/cmake/export_imu_ros2__rosidl_generator_cExport.cmake
[0.250s] -- Up-to-date: /home/xhr/Dog_VMC/Module/imu/install/imu_ros2/share/imu_ros2/cmake/export_imu_ros2__rosidl_generator_cExport-noconfig.cmake
[0.251s] -- Up-to-date: /home/xhr/Dog_VMC/Module/imu/install/imu_ros2/share/imu_ros2/cmake/export_imu_ros2__rosidl_typesupport_fastrtps_cExport.cmake
[0.251s] -- Up-to-date: /home/xhr/Dog_VMC/Module/imu/install/imu_ros2/share/imu_ros2/cmake/export_imu_ros2__rosidl_typesupport_fastrtps_cExport-noconfig.cmake
[0.251s] -- Up-to-date: /home/xhr/Dog_VMC/Module/imu/install/imu_ros2/share/imu_ros2/cmake/export_imu_ros2__rosidl_generator_cppExport.cmake
[0.251s] -- Up-to-date: /home/xhr/Dog_VMC/Module/imu/install/imu_ros2/share/imu_ros2/cmake/export_imu_ros2__rosidl_typesupport_fastrtps_cppExport.cmake
[0.251s] -- Up-to-date: /home/xhr/Dog_VMC/Module/imu/install/imu_ros2/share/imu_ros2/cmake/export_imu_ros2__rosidl_typesupport_fastrtps_cppExport-noconfig.cmake
[0.251s] -- Up-to-date: /home/xhr/Dog_VMC/Module/imu/install/imu_ros2/share/imu_ros2/cmake/imu_ros2__rosidl_typesupport_introspection_cExport.cmake
[0.251s] -- Up-to-date: /home/xhr/Dog_VMC/Module/imu/install/imu_ros2/share/imu_ros2/cmake/imu_ros2__rosidl_typesupport_introspection_cExport-noconfig.cmake
[0.251s] -- Up-to-date: /home/xhr/Dog_VMC/Module/imu/install/imu_ros2/share/imu_ros2/cmake/imu_ros2__rosidl_typesupport_cExport.cmake
[0.251s] -- Up-to-date: /home/xhr/Dog_VMC/Module/imu/install/imu_ros2/share/imu_ros2/cmake/imu_ros2__rosidl_typesupport_cExport-noconfig.cmake
[0.251s] -- Up-to-date: /home/xhr/Dog_VMC/Module/imu/install/imu_ros2/share/imu_ros2/cmake/imu_ros2__rosidl_typesupport_introspection_cppExport.cmake
[0.251s] -- Up-to-date: /home/xhr/Dog_VMC/Module/imu/install/imu_ros2/share/imu_ros2/cmake/imu_ros2__rosidl_typesupport_introspection_cppExport-noconfig.cmake
[0.251s] -- Up-to-date: /home/xhr/Dog_VMC/Module/imu/install/imu_ros2/share/imu_ros2/cmake/imu_ros2__rosidl_typesupport_cppExport.cmake
[0.251s] -- Up-to-date: /home/xhr/Dog_VMC/Module/imu/install/imu_ros2/share/imu_ros2/cmake/imu_ros2__rosidl_typesupport_cppExport-noconfig.cmake
[0.251s] -- Up-to-date: /home/xhr/Dog_VMC/Module/imu/install/imu_ros2/share/imu_ros2/cmake/export_imu_ros2__rosidl_generator_pyExport.cmake
[0.251s] -- Up-to-date: /home/xhr/Dog_VMC/Module/imu/install/imu_ros2/share/imu_ros2/cmake/export_imu_ros2__rosidl_generator_pyExport-noconfig.cmake
[0.251s] -- Up-to-date: /home/xhr/Dog_VMC/Module/imu/install/imu_ros2/share/imu_ros2/cmake/rosidl_cmake-extras.cmake
[0.251s] -- Up-to-date: /home/xhr/Dog_VMC/Module/imu/install/imu_ros2/share/imu_ros2/cmake/ament_cmake_export_include_directories-extras.cmake
[0.251s] -- Up-to-date: /home/xhr/Dog_VMC/Module/imu/install/imu_ros2/share/imu_ros2/cmake/ament_cmake_export_libraries-extras.cmake
[0.251s] -- Up-to-date: /home/xhr/Dog_VMC/Module/imu/install/imu_ros2/share/imu_ros2/cmake/ament_cmake_export_targets-extras.cmake
[0.251s] -- Up-to-date: /home/xhr/Dog_VMC/Module/imu/install/imu_ros2/share/imu_ros2/cmake/rosidl_cmake_export_typesupport_targets-extras.cmake
[0.251s] -- Up-to-date: /home/xhr/Dog_VMC/Module/imu/install/imu_ros2/share/imu_ros2/cmake/ament_cmake_export_dependencies-extras.cmake
[0.251s] -- Up-to-date: /home/xhr/Dog_VMC/Module/imu/install/imu_ros2/share/imu_ros2/cmake/rosidl_cmake_export_typesupport_libraries-extras.cmake
[0.251s] -- Up-to-date: /home/xhr/Dog_VMC/Module/imu/install/imu_ros2/share/imu_ros2/cmake/imu_ros2Config.cmake
[0.251s] -- Up-to-date: /home/xhr/Dog_VMC/Module/imu/install/imu_ros2/share/imu_ros2/cmake/imu_ros2Config-version.cmake
[0.251s] -- Up-to-date: /home/xhr/Dog_VMC/Module/imu/install/imu_ros2/share/imu_ros2/package.xml
[0.252s] Invoked command in '/home/xhr/Dog_VMC/Module/imu/build/imu_ros2' returned '0': CMAKE_PREFIX_PATH=${CMAKE_PREFIX_PATH}:/opt/ros/humble /usr/bin/cmake --install /home/xhr/Dog_VMC/Module/imu/build/imu_ros2
